<html>
<body>
<pre>
<h1>µVision Build Log</h1>
<h2>Tool Versions:</h2>
IDE-Version: ¦ÌVision V5.25.2.0
Copyright (C) 2018 ARM Ltd and ARM Germany GmbH. All rights reserved.
License Information: bruce fshqss@live.com, xlxd, LIC=2TTBS-LTANN-AUX4J-UBIQU-21WVV-78P10
 
Tool Versions:
Toolchain:       MDK-ARM Professional  Version: 5.25.2.0
Toolchain Path:  d:\Keil_v5\ARM\ARMCC\Bin
C Compiler:      Armcc.exe V5.06 update 6 (build 750)
Assembler:       Armasm.exe V5.06 update 6 (build 750)
Linker/Locator:  ArmLink.exe V5.06 update 6 (build 750)
Library Manager: ArmAr.exe V5.06 update 6 (build 750)
Hex Converter:   FromElf.exe V5.06 update 6 (build 750)
CPU DLL:         SARMCM3.DLL V5.25.2.0
Dialog DLL:      DCM.DLL V1.17.1.0
Target DLL:      STLink\ST-LINKIII-KEIL_SWO.dll V3.0.1.0
Dialog DLL:      TCM.DLL V1.35.1.0
 
<h2>Project:</h2>
E:\WorkSpace\keil\P1\P1.uvprojx
Project File Date:  03/08/2024

<h2>Output:</h2>
*** Using Compiler 'V5.06 update 6 (build 750)', folder: 'd:\Keil_v5\ARM\ARMCC\Bin'
Rebuild target 'Target 1'
assembling startup_gd32f450_470.s...
compiling gd32f4xx_adc.c...
compiling system_gd32f4xx.c...
compiling gd32f4xx_crc.c...
compiling gd32f4xx_dci.c...
compiling gd32f4xx_dbg.c...
compiling gd32f4xx_ctc.c...
compiling gd32f4xx_dma.c...
compiling gd32f4xx_dac.c...
compiling gd32f4xx_can.c...
compiling gd32f4xx_exmc.c...
compiling gd32f4xx_enet.c...
compiling gd32f4xx_exti.c...
compiling gd32f4xx_fmc.c...
compiling gd32f4xx_fwdgt.c...
compiling gd32f4xx_gpio.c...
compiling gd32f4xx_i2c.c...
compiling gd32f4xx_ipa.c...
compiling gd32f4xx_iref.c...
compiling gd32f4xx_misc.c...
compiling gd32f4xx_pmu.c...
compiling gd32f4xx_rcu.c...
compiling gd32f4xx_rtc.c...
compiling gd32f4xx_sdio.c...
compiling gd32f4xx_spi.c...
compiling gd32f4xx_syscfg.c...
compiling gd32f4xx_tli.c...
compiling gd32f4xx_timer.c...
compiling gd32f4xx_trng.c...
compiling gd32f4xx_wwdgt.c...
compiling gd32f4xx_usart.c...
compiling SysTick.c...
compiling Pinout.c...
compiling TM1640.c...
compiling usart.c...
compiling WatchDog.c...
compiling spi.c...
compiling PWM.c...
compiling TaskManage.c...
OS\TaskManage.c(125): warning:  #188-D: enumerated type mixed with another type
  	gpio_bit_write(GPIOD,GPIO_PIN_1,1);
OS\TaskManage.c(127): warning:  #188-D: enumerated type mixed with another type
  	gpio_bit_write(GPIOD,GPIO_PIN_1,0);
OS\TaskManage.c(35): warning:  #177-D: variable "HeartBit"  was declared but never referenced
  static char HeartBit = 0;
OS\TaskManage.c: 3 warnings, 0 errors
compiling ModbusSlave.c...
compiling CommIndicator.c...
compiling DataComm.c...
compiling ErrorControl.c...
compiling DispParam.c...
compiling GetTemp.c...
compiling GetAdc.c...
compiling Ds18b20.c...
compiling OutSwitch.c...
compiling main.c...
linking...
Program Size: Code=24568 RO-data=2520 RW-data=216 ZI-data=12208  
FromELF: creating hex file...
".\Objects\P1.axf" - 0 Error(s), 3 Warning(s).

<h2>Software Packages used:</h2>

Package Vendor: GigaDevice
                https://gd32mcu.com/data/documents/pack/GigaDevice.GD32F4xx_DFP.3.0.3.pack
                GigaDevice.GD32F4xx_DFP.3.0.3
                GigaDevice GD32F4xx Series Device Support and Examples

<h2>Collection of Component include folders:</h2>
  .\RTE\_Target_1
  d:\Keil_v5\ARM\PACK\GigaDevice\GD32F4xx_DFP\3.0.3\Device\F4XX\Include

<h2>Collection of Component Files used:</h2>
Build Time Elapsed:  00:00:02
</pre>
</body>
</html>
