Component: ARM Compiler 5.06 update 6 (build 750) Tool: armlink [4d35ed]

==============================================================================

Section Cross References

    system_gd32f4xx.o(i.SystemCoreClockUpdate) refers to system_gd32f4xx.o(.data) for SystemCoreClock
    system_gd32f4xx.o(i.SystemInit) refers to system_gd32f4xx.o(i.system_clock_config) for system_clock_config
    system_gd32f4xx.o(i.system_clock_config) refers to system_gd32f4xx.o(i.system_clock_200m_25m_hxtal) for system_clock_200m_25m_hxtal
    startup_gd32f450_470.o(STACK) refers (Special) to heapauxi.o(.text) for __use_two_region_memory
    startup_gd32f450_470.o(HEAP) refers (Special) to heapauxi.o(.text) for __use_two_region_memory
    startup_gd32f450_470.o(RESET) refers (Special) to heapauxi.o(.text) for __use_two_region_memory
    startup_gd32f450_470.o(RESET) refers to startup_gd32f450_470.o(STACK) for __initial_sp
    startup_gd32f450_470.o(RESET) refers to startup_gd32f450_470.o(.text) for Reset_Handler
    startup_gd32f450_470.o(RESET) refers to systick.o(i.SysTick_Handler) for SysTick_Handler
    startup_gd32f450_470.o(RESET) refers to usart.o(i.USART1_IRQHandler) for USART1_IRQHandler
    startup_gd32f450_470.o(RESET) refers to usart.o(i.USART2_IRQHandler) for USART2_IRQHandler
    startup_gd32f450_470.o(.text) refers (Special) to heapauxi.o(.text) for __use_two_region_memory
    startup_gd32f450_470.o(.text) refers to system_gd32f4xx.o(i.SystemInit) for SystemInit
    startup_gd32f450_470.o(.text) refers to __main.o(!!!main) for __main
    startup_gd32f450_470.o(.text) refers to startup_gd32f450_470.o(HEAP) for Heap_Mem
    startup_gd32f450_470.o(.text) refers to startup_gd32f450_470.o(STACK) for Stack_Mem
    gd32f4xx_adc.o(i.adc_deinit) refers to gd32f4xx_rcu.o(i.rcu_periph_reset_enable) for rcu_periph_reset_enable
    gd32f4xx_adc.o(i.adc_deinit) refers to gd32f4xx_rcu.o(i.rcu_periph_reset_disable) for rcu_periph_reset_disable
    gd32f4xx_can.o(i.can_debug_freeze_disable) refers to gd32f4xx_dbg.o(i.dbg_periph_disable) for dbg_periph_disable
    gd32f4xx_can.o(i.can_debug_freeze_enable) refers to gd32f4xx_dbg.o(i.dbg_periph_enable) for dbg_periph_enable
    gd32f4xx_can.o(i.can_deinit) refers to gd32f4xx_rcu.o(i.rcu_periph_reset_enable) for rcu_periph_reset_enable
    gd32f4xx_can.o(i.can_deinit) refers to gd32f4xx_rcu.o(i.rcu_periph_reset_disable) for rcu_periph_reset_disable
    gd32f4xx_can.o(i.can_interrupt_flag_get) refers to gd32f4xx_can.o(i.can_receive_message_length_get) for can_receive_message_length_get
    gd32f4xx_can.o(i.can_interrupt_flag_get) refers to gd32f4xx_can.o(i.can_error_get) for can_error_get
    gd32f4xx_ctc.o(i.ctc_deinit) refers to gd32f4xx_rcu.o(i.rcu_periph_reset_enable) for rcu_periph_reset_enable
    gd32f4xx_ctc.o(i.ctc_deinit) refers to gd32f4xx_rcu.o(i.rcu_periph_reset_disable) for rcu_periph_reset_disable
    gd32f4xx_dac.o(i.dac_deinit) refers to gd32f4xx_rcu.o(i.rcu_periph_reset_enable) for rcu_periph_reset_enable
    gd32f4xx_dac.o(i.dac_deinit) refers to gd32f4xx_rcu.o(i.rcu_periph_reset_disable) for rcu_periph_reset_disable
    gd32f4xx_dci.o(i.dci_deinit) refers to gd32f4xx_rcu.o(i.rcu_periph_reset_enable) for rcu_periph_reset_enable
    gd32f4xx_dci.o(i.dci_deinit) refers to gd32f4xx_rcu.o(i.rcu_periph_reset_disable) for rcu_periph_reset_disable
    gd32f4xx_enet.o(i.enet_deinit) refers to gd32f4xx_rcu.o(i.rcu_periph_reset_enable) for rcu_periph_reset_enable
    gd32f4xx_enet.o(i.enet_deinit) refers to gd32f4xx_rcu.o(i.rcu_periph_reset_disable) for rcu_periph_reset_disable
    gd32f4xx_enet.o(i.enet_deinit) refers to gd32f4xx_enet.o(i.enet_initpara_reset) for enet_initpara_reset
    gd32f4xx_enet.o(i.enet_descriptors_chain_init) refers to gd32f4xx_enet.o(.bss) for txdesc_tab
    gd32f4xx_enet.o(i.enet_descriptors_chain_init) refers to gd32f4xx_enet.o(.data) for dma_current_txdesc
    gd32f4xx_enet.o(i.enet_descriptors_ring_init) refers to gd32f4xx_enet.o(.bss) for txdesc_tab
    gd32f4xx_enet.o(i.enet_descriptors_ring_init) refers to gd32f4xx_enet.o(.data) for dma_current_txdesc
    gd32f4xx_enet.o(i.enet_disable) refers to gd32f4xx_enet.o(i.enet_tx_disable) for enet_tx_disable
    gd32f4xx_enet.o(i.enet_disable) refers to gd32f4xx_enet.o(i.enet_rx_disable) for enet_rx_disable
    gd32f4xx_enet.o(i.enet_enable) refers to gd32f4xx_enet.o(i.enet_tx_enable) for enet_tx_enable
    gd32f4xx_enet.o(i.enet_enable) refers to gd32f4xx_enet.o(i.enet_rx_enable) for enet_rx_enable
    gd32f4xx_enet.o(i.enet_frame_receive) refers to gd32f4xx_enet.o(.data) for dma_current_rxdesc
    gd32f4xx_enet.o(i.enet_frame_transmit) refers to gd32f4xx_enet.o(.data) for dma_current_txdesc
    gd32f4xx_enet.o(i.enet_init) refers to gd32f4xx_enet.o(i.enet_phy_config) for enet_phy_config
    gd32f4xx_enet.o(i.enet_init) refers to gd32f4xx_enet.o(i.enet_delay) for enet_delay
    gd32f4xx_enet.o(i.enet_init) refers to gd32f4xx_enet.o(i.enet_default_init) for enet_default_init
[...]
    i.MCU_CLK3_L                             0x080033d8   Section        0  tm1640.o(i.MCU_CLK3_L)
    i.MCU_DATA1_H                            0x080033e8   Section        0  tm1640.o(i.MCU_DATA1_H)
    i.MCU_DATA1_L                            0x080033f8   Section        0  tm1640.o(i.MCU_DATA1_L)
    i.MCU_DATA2_H                            0x08003408   Section        0  tm1640.o(i.MCU_DATA2_H)
    i.MCU_DATA2_L                            0x08003418   Section        0  tm1640.o(i.MCU_DATA2_L)
    i.MCU_DATA3_H                            0x08003428   Section        0  tm1640.o(i.MCU_DATA3_H)
    i.MCU_DATA3_L                            0x08003438   Section        0  tm1640.o(i.MCU_DATA3_L)
    i.ModbusRegInit                          0x08003448   Section        0  datacomm.o(i.ModbusRegInit)
    i.ModbusResponseTask                     0x08003490   Section        0  datacomm.o(i.ModbusResponseTask)
    i.ModbusSlaveResponse                    0x0800352c   Section        0  modbusslave.o(i.ModbusSlaveResponse)
    i.OneMsTask                              0x080036a4   Section        0  taskmanage.o(i.OneMsTask)
    OneMsTask                                0x080036a5   Thumb Code    32  taskmanage.o(i.OneMsTask)
    i.PWM_Init                               0x080036c8   Section        0  pwm.o(i.PWM_Init)
    i.Port_Init                              0x080037d8   Section        0  pinout.o(i.Port_Init)
    i.ReadCoilStatusResponse                 0x08003ba8   Section        0  modbusslave.o(i.ReadCoilStatusResponse)
    ReadCoilStatusResponse                   0x08003ba9   Thumb Code   376  modbusslave.o(i.ReadCoilStatusResponse)
    i.ReadErrorReg                           0x08003d20   Section        0  errorcontrol.o(i.ReadErrorReg)
    i.ReadErrorStatus                        0x08003d28   Section        0  errorcontrol.o(i.ReadErrorStatus)
    i.ReadHoldRegResponse                    0x08003d3c   Section        0  modbusslave.o(i.ReadHoldRegResponse)
    ReadHoldRegResponse                      0x08003d3d   Thumb Code   218  modbusslave.o(i.ReadHoldRegResponse)
    i.ReadInputRegResponse                   0x08003e16   Section        0  modbusslave.o(i.ReadInputRegResponse)
    ReadInputRegResponse                     0x08003e17   Thumb Code   218  modbusslave.o(i.ReadInputRegResponse)
    i.ReadInputStatusResponse                0x08003ef0   Section        0  modbusslave.o(i.ReadInputStatusResponse)
    ReadInputStatusResponse                  0x08003ef1   Thumb Code   376  modbusslave.o(i.ReadInputStatusResponse)
    i.ReadOnLineVal                          0x08004068   Section        0  datacomm.o(i.ReadOnLineVal)
    i.ReadReg                                0x08004070   Section        0  datacomm.o(i.ReadReg)
    i.ReadUsart1RxCnt                        0x08004078   Section        0  usart.o(i.ReadUsart1RxCnt)
    i.ReadUsart1RxData                       0x08004080   Section        0  usart.o(i.ReadUsart1RxData)
    i.Read_SPI_All                           0x08004088   Section        0  spi.o(i.Read_SPI_All)
    i.ResetErrorCode                         0x0800417c   Section        0  errorcontrol.o(i.ResetErrorCode)
    i.SetAcDcDio                             0x080041a8   Section        0  datacomm.o(i.SetAcDcDio)
    i.SetErrorCode                           0x080041bc   Section        0  errorcontrol.o(i.SetErrorCode)
    i.SysTick_Handler                        0x080041e8   Section        0  systick.o(i.SysTick_Handler)
    i.SysTick_Init                           0x08004204   Section        0  systick.o(i.SysTick_Init)
    i.SystemInit                             0x08004244   Section        0  system_gd32f4xx.o(i.SystemInit)
    i.TM1640_Disp_Init                       0x08004318   Section        0  tm1640.o(i.TM1640_Disp_Init)
    i.TM1640_Disp_Update                     0x0800439c   Section        0  tm1640.o(i.TM1640_Disp_Update)
    i.TM1640_IO_Init                         0x080043f0   Section        0  tm1640.o(i.TM1640_IO_Init)
    i.TM1640_Send                            0x080044a8   Section        0  tm1640.o(i.TM1640_Send)
    TM1640_Send                              0x080044a9   Thumb Code    58  tm1640.o(i.TM1640_Send)
    i.TM1640_Start                           0x080044e2   Section        0  tm1640.o(i.TM1640_Start)
    TM1640_Start                             0x080044e3   Thumb Code    34  tm1640.o(i.TM1640_Start)
    i.TM1640_Stop                            0x08004504   Section        0  tm1640.o(i.TM1640_Stop)
    TM1640_Stop                              0x08004505   Thumb Code    34  tm1640.o(i.TM1640_Stop)
    i.TaskManage                             0x08004528   Section        0  taskmanage.o(i.TaskManage)
    i.TaskProcess                            0x08004544   Section        0  systick.o(i.TaskProcess)
    i.TaskSchedule                           0x0800457c   Section        0  systick.o(i.TaskSchedule)
    i.TenMsTask                              0x080045da   Section        0  taskmanage.o(i.TenMsTask)
    TenMsTask                                0x080045db   Thumb Code    20  taskmanage.o(i.TenMsTask)
    i.ThousandMsTask                         0x080045ee   Section        0  taskmanage.o(i.ThousandMsTask)
    ThousandMsTask                           0x080045ef   Thumb Code     2  taskmanage.o(i.ThousandMsTask)
    i.TickCountTask                          0x080045f0   Section        0  usertimer.o(i.TickCountTask)
    i.TimerInit                              0x08004608   Section        0  usertimer.o(i.TimerInit)
    i.TimerKill                              0x08004626   Section        0  usertimer.o(i.TimerKill)
    i.TimerStsRead                           0x08004632   Section        0  usertimer.o(i.TimerStsRead)
    i.USART1_IRQHandler                      0x08004660   Section        0  usart.o(i.USART1_IRQHandler)
    i.USART2_IRQHandler                      0x080046e0   Section        0  usart.o(i.USART2_IRQHandler)
    i.UpdateAdcData                          0x08004760   Section        0  getadc.o(i.UpdateAdcData)
    i.Usart1_init                            0x08004a44   Section        0  usart.o(i.Usart1_init)
    i.UsartSendData                          0x08004b14   Section        0  usart.o(i.UsartSendData)
    i.Wdt_Toggle                             0x08004b78   Section        0  pinout.o(i.Wdt_Toggle)
    i.Wire_Check                             0x08004b9c   Section        0  pinout.o(i.Wire_Check)
    i.WriteMultCoilsResponse                 0x08004bb0   Section        0  modbusslave.o(i.WriteMultCoilsResponse)
    WriteMultCoilsResponse                   0x08004bb1   Thumb Code   250  modbusslave.o(i.WriteMultCoilsResponse)
    i.WriteMultRegsResponse                  0x08004caa   Section        0  modbusslave.o(i.WriteMultRegsResponse)
    WriteMultRegsResponse                    0x08004cab   Thumb Code   230  modbusslave.o(i.WriteMultRegsResponse)
    i.WriteSigleRegResponse                  0x08004d90   Section        0  modbusslave.o(i.WriteSigleRegResponse)
    WriteSigleRegResponse                    0x08004d91   Thumb Code   138  modbusslave.o(i.WriteSigleRegResponse)
    i.WriteSingleCoilResponse                0x08004e1a   Section        0  modbusslave.o(i.WriteSingleCoilResponse)
    WriteSingleCoilResponse                  0x08004e1b   Thumb Code   180  modbusslave.o(i.WriteSingleCoilResponse)
    i.XL2543_Init                            0x08004ed0   Section        0  spi.o(i.XL2543_Init)
    i.gpio_af_set                            0x08004f68   Section        0  gd32f4xx_gpio.o(i.gpio_af_set)
    i.gpio_bit_reset                         0x08004fc6   Section        0  gd32f4xx_gpio.o(i.gpio_bit_reset)
    i.gpio_bit_set                           0x08004fca   Section        0  gd32f4xx_gpio.o(i.gpio_bit_set)
    i.gpio_bit_write                         0x08004fce   Section        0  gd32f4xx_gpio.o(i.gpio_bit_write)
    i.gpio_deinit                            0x08004fd8   Section        0  gd32f4xx_gpio.o(i.gpio_deinit)
    i.gpio_input_bit_get                     0x080050a6   Section        0  gd32f4xx_gpio.o(i.gpio_input_bit_get)
    i.gpio_mode_set                          0x080050b6   Section        0  gd32f4xx_gpio.o(i.gpio_mode_set)
    i.gpio_output_bit_get                    0x08005104   Section        0  gd32f4xx_gpio.o(i.gpio_output_bit_get)
    i.gpio_output_options_set                0x08005114   Section        0  gd32f4xx_gpio.o(i.gpio_output_options_set)
    i.main                                   0x08005158   Section        0  main.o(i.main)
    i.nvic_irq_enable                        0x080051d8   Section        0  gd32f4xx_misc.o(i.nvic_irq_enable)
    i.nvic_priority_group_set                0x0800529c   Section        0  gd32f4xx_misc.o(i.nvic_priority_group_set)
    i.rcu_clock_freq_get                     0x080052b0   Section        0  gd32f4xx_rcu.o(i.rcu_clock_freq_get)
    i.rcu_periph_clock_enable                0x080053d4   Section        0  gd32f4xx_rcu.o(i.rcu_periph_clock_enable)
    i.rcu_periph_reset_disable               0x080053f8   Section        0  gd32f4xx_rcu.o(i.rcu_periph_reset_disable)
    i.rcu_periph_reset_enable                0x0800541c   Section        0  gd32f4xx_rcu.o(i.rcu_periph_reset_enable)
    i.rcu_timer_clock_prescaler_config       0x08005440   Section        0  gd32f4xx_rcu.o(i.rcu_timer_clock_prescaler_config)
    i.read2543                               0x08005464   Section        0  spi.o(i.read2543)
    i.readBoxTemp                            0x0800551c   Section        0  taskmanage.o(i.readBoxTemp)
    i.readFanTemp                            0x08005542   Section        0  taskmanage.o(i.readFanTemp)
    i.system_clock_200m_25m_hxtal            0x0800560c   Section        0  system_gd32f4xx.o(i.system_clock_200m_25m_hxtal)
    system_clock_200m_25m_hxtal              0x0800560d   Thumb Code   250  system_gd32f4xx.o(i.system_clock_200m_25m_hxtal)
    i.system_clock_config                    0x08005714   Section        0  system_gd32f4xx.o(i.system_clock_config)
    system_clock_config                      0x08005715   Thumb Code     8  system_gd32f4xx.o(i.system_clock_config)
    i.timer_auto_reload_shadow_enable        0x0800571c   Section        0  gd32f4xx_timer.o(i.timer_auto_reload_shadow_enable)
    i.timer_channel_output_config            0x08005728   Section        0  gd32f4xx_timer.o(i.timer_channel_output_config)
    i.timer_channel_output_mode_config       0x08005914   Section        0  gd32f4xx_timer.o(i.timer_channel_output_mode_config)
    i.timer_channel_output_pulse_value_config 0x0800596e   Section        0  gd32f4xx_timer.o(i.timer_channel_output_pulse_value_config)
    i.timer_channel_output_shadow_config     0x08005994   Section        0  gd32f4xx_timer.o(i.timer_channel_output_shadow_config)
    i.timer_deinit                           0x080059f0   Section        0  gd32f4xx_timer.o(i.timer_deinit)
    i.timer_enable                           0x08005b74   Section        0  gd32f4xx_timer.o(i.timer_enable)
    i.timer_init                             0x08005b80   Section        0  gd32f4xx_timer.o(i.timer_init)
    i.timer_primary_output_config            0x08005c18   Section        0  gd32f4xx_timer.o(i.timer_primary_output_config)
    i.usart_baudrate_set                     0x08005c30   Section        0  gd32f4xx_usart.o(i.usart_baudrate_set)
    i.usart_data_receive                     0x08005d18   Section        0  gd32f4xx_usart.o(i.usart_data_receive)
    i.usart_data_transmit                    0x08005d22   Section        0  gd32f4xx_usart.o(i.usart_data_transmit)
    i.usart_deinit                           0x08005d2c   Section        0  gd32f4xx_usart.o(i.usart_deinit)
    i.usart_enable                           0x08005e08   Section        0  gd32f4xx_usart.o(i.usart_enable)
    i.usart_flag_get                         0x08005e12   Section        0  gd32f4xx_usart.o(i.usart_flag_get)
    i.usart_hardware_flow_cts_config         0x08005e30   Section        0  gd32f4xx_usart.o(i.usart_hardware_flow_cts_config)
    i.usart_hardware_flow_rts_config         0x08005e44   Section        0  gd32f4xx_usart.o(i.usart_hardware_flow_rts_config)
    i.usart_interrupt_enable                 0x08005e58   Section        0  gd32f4xx_usart.o(i.usart_interrupt_enable)
    i.usart_interrupt_flag_clear             0x08005e72   Section        0  gd32f4xx_usart.o(i.usart_interrupt_flag_clear)
    i.usart_interrupt_flag_get               0x08005e8c   Section        0  gd32f4xx_usart.o(i.usart_interrupt_flag_get)
    i.usart_parity_config                    0x08005ec4   Section        0  gd32f4xx_usart.o(i.usart_parity_config)
    i.usart_receive_config                   0x08005ed4   Section        0  gd32f4xx_usart.o(i.usart_receive_config)
    i.usart_stop_bit_set                     0x08005ee4   Section        0  gd32f4xx_usart.o(i.usart_stop_bit_set)
    i.usart_transmit_config                  0x08005ef4   Section        0  gd32f4xx_usart.o(i.usart_transmit_config)
    i.usart_word_length_set                  0x08005f04   Section        0  gd32f4xx_usart.o(i.usart_word_length_set)
    x$fpl$dfixu                              0x08005f14   Section       90  dfixu.o(x$fpl$dfixu)
    $v0                                      0x08005f14   Number         0  dfixu.o(x$fpl$dfixu)
    x$fpl$dflt                               0x08005f6e   Section       46  dflt_clz.o(x$fpl$dflt)
    $v0                                      0x08005f6e   Number         0  dflt_clz.o(x$fpl$dflt)
    x$fpl$dmul                               0x08005f9c   Section      340  dmul.o(x$fpl$dmul)
    $v0                                      0x08005f9c   Number         0  dmul.o(x$fpl$dmul)
    x$fpl$dnaninf                            0x080060f0   Section      156  dnaninf.o(x$fpl$dnaninf)
    $v0                                      0x080060f0   Number         0  dnaninf.o(x$fpl$dnaninf)
    x$fpl$dretinf                            0x0800618c   Section       12  dretinf.o(x$fpl$dretinf)
    $v0                                      0x0800618c   Number         0  dretinf.o(x$fpl$dretinf)
    x$fpl$fpinit                             0x08006198   Section       10  fpinit.o(x$fpl$fpinit)
    $v0                                      0x08006198   Number         0  fpinit.o(x$fpl$fpinit)
    x$fpl$usenofp                            0x080061a2   Section        0  usenofp.o(x$fpl$usenofp)
    .constdata                               0x080061a4   Section       96  tm1640.o(.constdata)
    .constdata                               0x08006204   Section       20  taskmanage.o(.constdata)
    .constdata                               0x08006218   Section      512  modbusslave.o(.constdata)
    .constdata                               0x08006418   Section       22  dispparam.o(.constdata)
    .constdata                               0x08006430   Section     1408  getadc.o(.constdata)
    .data                                    0x20000000   Section       30  systick.o(.data)
    s_tTask                                  0x20000000   Data          30  systick.o(.data)
    .data                                    0x20000020   Section       32  usart.o(.data)
    wUsart2RxCnt                             0x20000020   Data           2  usart.o(.data)
    llUsart2RxFrameEnd                       0x20000028   Data           8  usart.o(.data)
    wUsart1RxCnt                             0x20000030   Data           2  usart.o(.data)
    llUsart1RxFrameEnd                       0x20000038   Data           8  usart.o(.data)
    .data                                    0x20000040   Section        8  spi.o(.data)
    count                                    0x20000040   Data           1  spi.o(.data)
    .data                                    0x20000048   Section       12  datacomm.o(.data)
    s_cOnLineVal                             0x20000048   Data           1  datacomm.o(.data)
    AC_DO_SET                                0x2000004c   Data           4  datacomm.o(.data)
    DC_DO_SET                                0x20000050   Data           4  datacomm.o(.data)
    .data                                    0x20000054   Section        6  errorcontrol.o(.data)
    s_wErrorCode                             0x20000054   Data           4  errorcontrol.o(.data)
    s_wDlyError                              0x20000058   Data           2  errorcontrol.o(.data)
    .data                                    0x2000005c   Section        8  getadc.o(.data)
    AdcChan                                  0x2000005c   Data           4  getadc.o(.data)
    .data                                    0x20000064   Section       96  outswitch.o(.data)
    AC_CH1_V_count                           0x20000064   Data           4  outswitch.o(.data)
    AC_CH1_I_count                           0x20000068   Data           4  outswitch.o(.data)
    AC_CH2_V_count                           0x2000006c   Data           4  outswitch.o(.data)
    AC_CH2_I_count                           0x20000070   Data           4  outswitch.o(.data)
    AC_CH3_V_count                           0x20000074   Data           4  outswitch.o(.data)
    AC_CH3_I_count                           0x20000078   Data           4  outswitch.o(.data)
    AC_CH4_V_count                           0x2000007c   Data           4  outswitch.o(.data)
    AC_CH4_I_count                           0x20000080   Data           4  outswitch.o(.data)
    AC_CH5_V_count                           0x20000084   Data           4  outswitch.o(.data)
    AC_CH5_I_count                           0x20000088   Data           4  outswitch.o(.data)
    AC_CH6_V_count                           0x2000008c   Data           4  outswitch.o(.data)
    AC_CH6_I_count                           0x20000090   Data           4  outswitch.o(.data)
    DC1_CH1_V_count                          0x20000094   Data           4  outswitch.o(.data)
    DC1_CH1_I_count                          0x20000098   Data           4  outswitch.o(.data)
    DC1_CH2_V_count                          0x2000009c   Data           4  outswitch.o(.data)
    DC1_CH2_I_count                          0x200000a0   Data           4  outswitch.o(.data)
    DC1_CH3_V_count                          0x200000a4   Data           4  outswitch.o(.data)
    DC1_CH3_I_count                          0x200000a8   Data           4  outswitch.o(.data)
    DC1_CH4_V_count                          0x200000ac   Data           4  outswitch.o(.data)
    DC1_CH4_I_count                          0x200000b0   Data           4  outswitch.o(.data)
    DC1_CH5_V_count                          0x200000b4   Data           4  outswitch.o(.data)
    DC1_CH5_I_count                          0x200000b8   Data           4  outswitch.o(.data)
    DC1_CH6_V_count                          0x200000bc   Data           4  outswitch.o(.data)
    DC1_CH6_I_count                          0x200000c0   Data           4  outswitch.o(.data)
    .data                                    0x200000c4   Section        8  ds18b20.o(.data)
    tempReadStatus                           0x200000c8   Data           1  ds18b20.o(.data)
    temp_H                                   0x200000c9   Data           1  ds18b20.o(.data)
    temp_L                                   0x200000ca   Data           1  ds18b20.o(.data)
    fanReadStatus                            0x200000cb   Data           1  ds18b20.o(.data)
    .data                                    0x200000d0   Section        8  usertimer.o(.data)
    .bss                                     0x200000d8   Section     1000  usart.o(.bss)
    cUsart2RxData                            0x200000d8   Data         500  usart.o(.bss)
    cUsart1RxData                            0x200002cc   Data         500  usart.o(.bss)
    .bss                                     0x200004c0   Section     4488  spi.o(.bss)
    spiData                                  0x200004c0   Data        4400  spi.o(.bss)
    spiTransientData                         0x200015f0   Data          44  spi.o(.bss)
    spiSteadyData                            0x2000161c   Data          44  spi.o(.bss)
    .bss                                     0x20001648   Section     1332  datacomm.o(.bss)
    s_cPresetStatus                          0x20001648   Data          10  datacomm.o(.bss)
    s_cFeedbackStatus                        0x20001652   Data          10  datacomm.o(.bss)
    s_iHoldReg                               0x2000165c   Data         636  datacomm.o(.bss)
    s_iInputReg                              0x200018d8   Data          40  datacomm.o(.bss)
    s_tReg                                   0x20001900   Data         636  datacomm.o(.bss)
    .bss                                     0x20001b7c   Section      236  dispparam.o(.bss)
    .bss                                     0x20001c68   Section      192  errorcontrol.o(.bss)
    v_ErrReg                                 0x20001c68   Data         192  errorcontrol.o(.bss)
    .bss                                     0x20001d28   Section     2816  getadc.o(.bss)
    tLpfUnit                                 0x20001d28   Data        2816  getadc.o(.bss)
    .bss                                     0x20002828   Section       96  libspace.o(.bss)
    HEAP                                     0x20002888   Section     1024  startup_gd32f450_470.o(HEAP)
    Heap_Mem                                 0x20002888   Data        1024  startup_gd32f450_470.o(HEAP)
    STACK                                    0x20002c88   Section     1024  startup_gd32f450_470.o(STACK)
    Stack_Mem                                0x20002c88   Data        1024  startup_gd32f450_470.o(STACK)
    __initial_sp                             0x20003088   Data           0  startup_gd32f450_470.o(STACK)

    Global Symbols

    Symbol Name                              Value     Ov Type        Size  Object(Section)

    BuildAttributes$$THM_ISAv4$E$P$D$K$B$S$7EM$VFPi3$EXTD16$VFPS$VFMA$PE$A:L22UL41UL21$X:L11$S22US41US21$IEEE1$IW$USESV6$~STKCKD$USESV7$~SHL$OSPACE$ROPI$EBA8$UX$STANDARDLIB$REQ8$PRES8$EABIv2 0x00000000   Number         0  anon$$obj.o ABSOLUTE
    __ARM_use_no_argv                        0x00000000   Number         0  main.o ABSOLUTE
    __ARM_exceptions_init                     - Undefined Weak Reference
    __alloca_initialize                       - Undefined Weak Reference
    __arm_preinit_                            - Undefined Weak Reference
    __cpp_initialize__aeabi_                  - Undefined Weak Reference
    __cxa_finalize                            - Undefined Weak Reference
    __rt_locale                               - Undefined Weak Reference
    __sigvec_lookup                           - Undefined Weak Reference
    _atexit_init                              - Undefined Weak Reference
    _call_atexit_fns                          - Undefined Weak Reference
    _clock_init                               - Undefined Weak Reference
    _fp_trap_init                             - Undefined Weak Reference
    _fp_trap_shutdown                         - Undefined Weak Reference
    _get_lc_collate                           - Undefined Weak Reference
    _get_lc_ctype                             - Undefined Weak Reference
    _get_lc_monetary                          - Undefined Weak Reference
    _get_lc_numeric                           - Undefined Weak Reference
    _get_lc_time                              - Undefined Weak Reference
    _getenv_init                              - Undefined Weak Reference
    _handle_redirection                       - Undefined Weak Reference
    _init_alloc                               - Undefined Weak Reference
    _init_user_alloc                          - Undefined Weak Reference
    _initio                                   - Undefined Weak Reference
    _rand_init                                - Undefined Weak Reference
    _signal_finish                            - Undefined Weak Reference
    _signal_init                              - Undefined Weak Reference
    _terminate_alloc                          - Undefined Weak Reference
    _terminate_user_alloc                     - Undefined Weak Reference
    _terminateio                              - Undefined Weak Reference
    __Vectors_Size                           0x000001ac   Number         0  startup_gd32f450_470.o ABSOLUTE
    __Vectors                                0x08000000   Data           4  startup_gd32f450_470.o(RESET)
    __Vectors_End                            0x080001ac   Data           0  startup_gd32f450_470.o(RESET)
    __main                                   0x080001ad   Thumb Code     8  __main.o(!!!main)
    __scatterload                            0x080001b5   Thumb Code     0  __scatter.o(!!!scatter)
    __scatterload_rt2                        0x080001b5   Thumb Code    44  __scatter.o(!!!scatter)
    __scatterload_rt2_thumb_only             0x080001b5   Thumb Code     0  __scatter.o(!!!scatter)
    __scatterload_null                       0x080001c3   Thumb Code     0  __scatter.o(!!!scatter)
    __scatterload_copy                       0x080001e9   Thumb Code    26  __scatter_copy.o(!!handler_copy)
    __scatterload_zeroinit                   0x08000205   Thumb Code    28  __scatter_zi.o(!!handler_zi)
    __rt_lib_init                            0x08000221   Thumb Code     0  libinit.o(.ARM.Collect$$libinit$$00000000)
    __rt_lib_init_fp_1                       0x08000223   Thumb Code     0  libinit2.o(.ARM.Collect$$libinit$$00000001)
    __rt_lib_init_alloca_1                   0x08000227   Thumb Code     0  libinit2.o(.ARM.Collect$$libinit$$0000002E)
    __rt_lib_init_argv_1                     0x08000227   Thumb Code     0  libinit2.o(.ARM.Collect$$libinit$$0000002C)
    __rt_lib_init_atexit_1                   0x08000227   Thumb Code     0  libinit2.o(.ARM.Collect$$libinit$$0000001B)
    __rt_lib_init_clock_1                    0x08000227   Thumb Code     0  libinit2.o(.ARM.Collect$$libinit$$00000021)
    __rt_lib_init_cpp_1                      0x08000227   Thumb Code     0  libinit2.o(.ARM.Collect$$libinit$$00000032)
    __rt_lib_init_exceptions_1               0x08000227   Thumb Code     0  libinit2.o(.ARM.Collect$$libinit$$00000030)
    __rt_lib_init_fp_trap_1                  0x08000227   Thumb Code     0  libinit2.o(.ARM.Collect$$libinit$$0000001F)
    __rt_lib_init_getenv_1                   0x08000227   Thumb Code     0  libinit2.o(.ARM.Collect$$libinit$$00000023)
    __rt_lib_init_heap_1                     0x08000227   Thumb Code     0  libinit2.o(.ARM.Collect$$libinit$$0000000A)
    __rt_lib_init_lc_collate_1               0x08000227   Thumb Code     0  libinit2.o(.ARM.Collect$$libinit$$00000011)
    __rt_lib_init_lc_ctype_1                 0x08000227   Thumb Code     0  libinit2.o(.ARM.Collect$$libinit$$00000013)
    __rt_lib_init_lc_monetary_1              0x08000227   Thumb Code     0  libinit2.o(.ARM.Collect$$libinit$$00000015)
    __rt_lib_init_lc_numeric_1               0x08000227   Thumb Code     0  libinit2.o(.ARM.Collect$$libinit$$00000017)
    __rt_lib_init_lc_time_1                  0x08000227   Thumb Code     0  libinit2.o(.ARM.Collect$$libinit$$00000019)
    __rt_lib_init_preinit_1                  0x08000227   Thumb Code     0  libinit2.o(.ARM.Collect$$libinit$$00000004)
    __rt_lib_init_rand_1                     0x08000227   Thumb Code     0  libinit2.o(.ARM.Collect$$libinit$$0000000E)
    __rt_lib_init_return                     0x08000227   Thumb Code     0  libinit2.o(.ARM.Collect$$libinit$$00000033)
    __rt_lib_init_signal_1                   0x08000227   Thumb Code     0  libinit2.o(.ARM.Collect$$libinit$$0000001D)
    __rt_lib_init_stdio_1                    0x08000227   Thumb Code     0  libinit2.o(.ARM.Collect$$libinit$$00000025)
    __rt_lib_init_user_alloc_1               0x08000227   Thumb Code     0  libinit2.o(.ARM.Collect$$libinit$$0000000C)
    __rt_lib_shutdown                        0x08000229   Thumb Code     0  libshutdown.o(.ARM.Collect$$libshutdown$$00000000)
    __rt_lib_shutdown_cpp_1                  0x0800022b   Thumb Code     0  libshutdown2.o(.ARM.Collect$$libshutdown$$00000002)
    __rt_lib_shutdown_fp_trap_1              0x0800022b   Thumb Code     0  libshutdown2.o(.ARM.Collect$$libshutdown$$00000007)
    __rt_lib_shutdown_heap_1                 0x0800022b   Thumb Code     0  libshutdown2.o(.ARM.Collect$$libshutdown$$0000000F)
    __rt_lib_shutdown_return                 0x0800022b   Thumb Code     0  libshutdown2.o(.ARM.Collect$$libshutdown$$00000010)
    __rt_lib_shutdown_signal_1               0x0800022b   Thumb Code     0  libshutdown2.o(.ARM.Collect$$libshutdown$$0000000A)
    __rt_lib_shutdown_stdio_1                0x0800022b   Thumb Code     0  libshutdown2.o(.ARM.Collect$$libshutdown$$00000004)
    __rt_lib_shutdown_user_alloc_1           0x0800022b   Thumb Code     0  libshutdown2.o(.ARM.Collect$$libshutdown$$0000000C)
    __rt_entry                               0x0800022d   Thumb Code     0  __rtentry.o(.ARM.Collect$$rtentry$$00000000)
    __rt_entry_presh_1                       0x0800022d   Thumb Code     0  __rtentry2.o(.ARM.Collect$$rtentry$$00000002)
    __rt_entry_sh                            0x0800022d   Thumb Code     0  __rtentry4.o(.ARM.Collect$$rtentry$$00000004)
    __rt_entry_li                            0x08000233   Thumb Code     0  __rtentry2.o(.ARM.Collect$$rtentry$$0000000A)
    __rt_entry_postsh_1                      0x08000233   Thumb Code     0  __rtentry2.o(.ARM.Collect$$rtentry$$00000009)
    __rt_entry_main                          0x08000237   Thumb Code     0  __rtentry2.o(.ARM.Collect$$rtentry$$0000000D)
    __rt_entry_postli_1                      0x08000237   Thumb Code     0  __rtentry2.o(.ARM.Collect$$rtentry$$0000000C)
    __rt_exit                                0x0800023f   Thumb Code     0  rtexit.o(.ARM.Collect$$rtexit$$00000000)
    __rt_exit_ls                             0x08000241   Thumb Code     0  rtexit2.o(.ARM.Collect$$rtexit$$00000003)
    __rt_exit_prels_1                        0x08000241   Thumb Code     0  rtexit2.o(.ARM.Collect$$rtexit$$00000002)
    __rt_exit_exit                           0x08000245   Thumb Code     0  rtexit2.o(.ARM.Collect$$rtexit$$00000004)
    Reset_Handler                            0x0800024d   Thumb Code     8  startup_gd32f450_470.o(.text)
    NMI_Handler                              0x08000255   Thumb Code     2  startup_gd32f450_470.o(.text)
    HardFault_Handler                        0x08000257   Thumb Code     2  startup_gd32f450_470.o(.text)
    MemManage_Handler                        0x08000259   Thumb Code     2  startup_gd32f450_470.o(.text)
    BusFault_Handler                         0x0800025b   Thumb Code     2  startup_gd32f450_470.o(.text)
    UsageFault_Handler                       0x0800025d   Thumb Code     2  startup_gd32f450_470.o(.text)
    SVC_Handler                              0x0800025f   Thumb Code     2  startup_gd32f450_470.o(.text)
    DebugMon_Handler                         0x08000261   Thumb Code     2  startup_gd32f450_470.o(.text)
    PendSV_Handler                           0x08000263   Thumb Code     2  startup_gd32f450_470.o(.text)
    ADC_IRQHandler                           0x08000267   Thumb Code     0  startup_gd32f450_470.o(.text)
    CAN0_EWMC_IRQHandler                     0x08000267   Thumb Code     0  startup_gd32f450_470.o(.text)
    CAN0_RX0_IRQHandler                      0x08000267   Thumb Code     0  startup_gd32f450_470.o(.text)
    CAN0_RX1_IRQHandler                      0x08000267   Thumb Code     0  startup_gd32f450_470.o(.text)
    CAN0_TX_IRQHandler                       0x08000267   Thumb Code     0  startup_gd32f450_470.o(.text)
    CAN1_EWMC_IRQHandler                     0x08000267   Thumb Code     0  startup_gd32f450_470.o(.text)
    CAN1_RX0_IRQHandler                      0x08000267   Thumb Code     0  startup_gd32f450_470.o(.text)
    CAN1_RX1_IRQHandler                      0x08000267   Thumb Code     0  startup_gd32f450_470.o(.text)
    CAN1_TX_IRQHandler                       0x08000267   Thumb Code     0  startup_gd32f450_470.o(.text)
    DCI_IRQHandler                           0x08000267   Thumb Code     0  startup_gd32f450_470.o(.text)
    DMA0_Channel0_IRQHandler                 0x08000267   Thumb Code     0  startup_gd32f450_470.o(.text)
    DMA0_Channel1_IRQHandler                 0x08000267   Thumb Code     0  startup_gd32f450_470.o(.text)
    DMA0_Channel2_IRQHandler                 0x08000267   Thumb Code     0  startup_gd32f450_470.o(.text)
    DMA0_Channel3_IRQHandler                 0x08000267   Thumb Code     0  startup_gd32f450_470.o(.text)
    DMA0_Channel4_IRQHandler                 0x08000267   Thumb Code     0  startup_gd32f450_470.o(.text)
    DMA0_Channel5_IRQHandler                 0x08000267   Thumb Code     0  startup_gd32f450_470.o(.text)
    DMA0_Channel6_IRQHandler                 0x08000267   Thumb Code     0  startup_gd32f450_470.o(.text)
    DMA0_Channel7_IRQHandler                 0x08000267   Thumb Code     0  startup_gd32f450_470.o(.text)
    DMA1_Channel0_IRQHandler                 0x08000267   Thumb Code     0  startup_gd32f450_470.o(.text)
    DMA1_Channel1_IRQHandler                 0x08000267   Thumb Code     0  startup_gd32f450_470.o(.text)
    DMA1_Channel2_IRQHandler                 0x08000267   Thumb Code     0  startup_gd32f450_470.o(.text)
    DMA1_Channel3_IRQHandler                 0x08000267   Thumb Code     0  startup_gd32f450_470.o(.text)
    DMA1_Channel4_IRQHandler                 0x08000267   Thumb Code     0  startup_gd32f450_470.o(.text)
    DMA1_Channel5_IRQHandler                 0x08000267   Thumb Code     0  startup_gd32f450_470.o(.text)
    DMA1_Channel6_IRQHandler                 0x08000267   Thumb Code     0  startup_gd32f450_470.o(.text)
    DMA1_Channel7_IRQHandler                 0x08000267   Thumb Code     0  startup_gd32f450_470.o(.text)
    ENET_IRQHandler                          0x08000267   Thumb Code     0  startup_gd32f450_470.o(.text)
    ENET_WKUP_IRQHandler                     0x08000267   Thumb Code     0  startup_gd32f450_470.o(.text)
    EXMC_IRQHandler                          0x08000267   Thumb Code     0  startup_gd32f450_470.o(.text)
    EXTI0_IRQHandler                         0x08000267   Thumb Code     0  startup_gd32f450_470.o(.text)
    EXTI10_15_IRQHandler                     0x08000267   Thumb Code     0  startup_gd32f450_470.o(.text)
    EXTI1_IRQHandler                         0x08000267   Thumb Code     0  startup_gd32f450_470.o(.text)
    EXTI2_IRQHandler                         0x08000267   Thumb Code     0  startup_gd32f450_470.o(.text)
    EXTI3_IRQHandler                         0x08000267   Thumb Code     0  startup_gd32f450_470.o(.text)
    EXTI4_IRQHandler                         0x08000267   Thumb Code     0  startup_gd32f450_470.o(.text)
    EXTI5_9_IRQHandler                       0x08000267   Thumb Code     0  startup_gd32f450_470.o(.text)
    FMC_IRQHandler                           0x08000267   Thumb Code     0  startup_gd32f450_470.o(.text)
    FPU_IRQHandler                           0x08000267   Thumb Code     0  startup_gd32f450_470.o(.text)
    I2C0_ER_IRQHandler                       0x08000267   Thumb Code     0  startup_gd32f450_470.o(.text)
    I2C0_EV_IRQHandler                       0x08000267   Thumb Code     0  startup_gd32f450_470.o(.text)
    I2C1_ER_IRQHandler                       0x08000267   Thumb Code     0  startup_gd32f450_470.o(.text)
    I2C1_EV_IRQHandler                       0x08000267   Thumb Code     0  startup_gd32f450_470.o(.text)
    I2C2_ER_IRQHandler                       0x08000267   Thumb Code     0  startup_gd32f450_470.o(.text)
    I2C2_EV_IRQHandler                       0x08000267   Thumb Code     0  startup_gd32f450_470.o(.text)
    IPA_IRQHandler                           0x08000267   Thumb Code     0  startup_gd32f450_470.o(.text)
    LVD_IRQHandler                           0x08000267   Thumb Code     0  startup_gd32f450_470.o(.text)
    RCU_CTC_IRQHandler                       0x08000267   Thumb Code     0  startup_gd32f450_470.o(.text)
    RTC_Alarm_IRQHandler                     0x08000267   Thumb Code     0  startup_gd32f450_470.o(.text)
    RTC_WKUP_IRQHandler                      0x08000267   Thumb Code     0  startup_gd32f450_470.o(.text)
    SDIO_IRQHandler                          0x08000267   Thumb Code     0  startup_gd32f450_470.o(.text)
    SPI0_IRQHandler                          0x08000267   Thumb Code     0  startup_gd32f450_470.o(.text)
    SPI1_IRQHandler                          0x08000267   Thumb Code     0  startup_gd32f450_470.o(.text)
    SPI2_IRQHandler                          0x08000267   Thumb Code     0  startup_gd32f450_470.o(.text)
    SPI3_IRQHandler                          0x08000267   Thumb Code     0  startup_gd32f450_470.o(.text)
    SPI4_IRQHandler                          0x08000267   Thumb Code     0  startup_gd32f450_470.o(.text)
    SPI5_IRQHandler                          0x08000267   Thumb Code     0  startup_gd32f450_470.o(.text)
    TAMPER_STAMP_IRQHandler                  0x08000267   Thumb Code     0  startup_gd32f450_470.o(.text)
    TIMER0_BRK_TIMER8_IRQHandler             0x08000267   Thumb Code     0  startup_gd32f450_470.o(.text)
    TIMER0_Channel_IRQHandler                0x08000267   Thumb Code     0  startup_gd32f450_470.o(.text)
    TIMER0_TRG_CMT_TIMER10_IRQHandler        0x08000267   Thumb Code     0  startup_gd32f450_470.o(.text)
    TIMER0_UP_TIMER9_IRQHandler              0x08000267   Thumb Code     0  startup_gd32f450_470.o(.text)
    TIMER1_IRQHandler                        0x08000267   Thumb Code     0  startup_gd32f450_470.o(.text)
    TIMER2_IRQHandler                        0x08000267   Thumb Code     0  startup_gd32f450_470.o(.text)
    TIMER3_IRQHandler                        0x08000267   Thumb Code     0  startup_gd32f450_470.o(.text)
    TIMER4_IRQHandler                        0x08000267   Thumb Code     0  startup_gd32f450_470.o(.text)
    TIMER5_DAC_IRQHandler                    0x08000267   Thumb Code     0  startup_gd32f450_470.o(.text)
    TIMER6_IRQHandler                        0x08000267   Thumb Code     0  startup_gd32f450_470.o(.text)
    TIMER7_BRK_TIMER11_IRQHandler            0x08000267   Thumb Code     0  startup_gd32f450_470.o(.text)
    TIMER7_Channel_IRQHandler                0x08000267   Thumb Code     0  startup_gd32f450_470.o(.text)
    TIMER7_TRG_CMT_TIMER13_IRQHandler        0x08000267   Thumb Code     0  startup_gd32f450_470.o(.text)
    TIMER7_UP_TIMER12_IRQHandler             0x08000267   Thumb Code     0  startup_gd32f450_470.o(.text)
    TLI_ER_IRQHandler                        0x08000267   Thumb Code     0  startup_gd32f450_470.o(.text)
    TLI_IRQHandler                           0x08000267   Thumb Code     0  startup_gd32f450_470.o(.text)
    TRNG_IRQHandler                          0x08000267   Thumb Code     0  startup_gd32f450_470.o(.text)
    UART3_IRQHandler                         0x08000267   Thumb Code     0  startup_gd32f450_470.o(.text)
    UART4_IRQHandler                         0x08000267   Thumb Code     0  startup_gd32f450_470.o(.text)
    UART6_IRQHandler                         0x08000267   Thumb Code     0  startup_gd32f450_470.o(.text)
    UART7_IRQHandler                         0x08000267   Thumb Code     0  startup_gd32f450_470.o(.text)
    USART0_IRQHandler                        0x08000267   Thumb Code     0  startup_gd32f450_470.o(.text)
    USART5_IRQHandler                        0x08000267   Thumb Code     0  startup_gd32f450_470.o(.text)
    USBFS_IRQHandler                         0x08000267   Thumb Code     0  startup_gd32f450_470.o(.text)
    USBFS_WKUP_IRQHandler                    0x08000267   Thumb Code     0  startup_gd32f450_470.o(.text)
    USBHS_EP1_In_IRQHandler                  0x08000267   Thumb Code     0  startup_gd32f450_470.o(.text)
    USBHS_EP1_Out_IRQHandler                 0x08000267   Thumb Code     0  startup_gd32f450_470.o(.text)
    USBHS_IRQHandler                         0x08000267   Thumb Code     0  startup_gd32f450_470.o(.text)
    USBHS_WKUP_IRQHandler                    0x08000267   Thumb Code     0  startup_gd32f450_470.o(.text)
    WWDGT_IRQHandler                         0x08000267   Thumb Code     0  startup_gd32f450_470.o(.text)
    __user_initial_stackheap                 0x08000269   Thumb Code    10  startup_gd32f450_470.o(.text)
    __aeabi_memcpy4                          0x0800028d   Thumb Code     0  rt_memcpy_w.o(.text)
    __aeabi_memcpy8                          0x0800028d   Thumb Code     0  rt_memcpy_w.o(.text)
    __rt_memcpy_w                            0x0800028d   Thumb Code   100  rt_memcpy_w.o(.text)
    _memcpy_lastbytes_aligned                0x080002d5   Thumb Code     0  rt_memcpy_w.o(.text)
    __aeabi_memclr4                          0x080002f1   Thumb Code     0  rt_memclr_w.o(.text)
    __aeabi_memclr8                          0x080002f1   Thumb Code     0  rt_memclr_w.o(.text)
    __rt_memclr_w                            0x080002f1   Thumb Code    78  rt_memclr_w.o(.text)
    _memset_w                                0x080002f5   Thumb Code     0  rt_memclr_w.o(.text)
    __use_two_region_memory                  0x0800033f   Thumb Code     2  heapauxi.o(.text)
    __rt_heap_escrow$2region                 0x08000341   Thumb Code     2  heapauxi.o(.text)
    __rt_heap_expand$2region                 0x08000343   Thumb Code     2  heapauxi.o(.text)
    __user_setup_stackheap                   0x08000345   Thumb Code    74  sys_stackheap_outer.o(.text)
    exit                                     0x0800038f   Thumb Code    18  exit.o(.text)
    __user_libspace                          0x080003a1   Thumb Code     8  libspace.o(.text)
    __user_perproc_libspace                  0x080003a1   Thumb Code     0  libspace.o(.text)
    __user_perthread_libspace                0x080003a1   Thumb Code     0  libspace.o(.text)
    _sys_exit                                0x080003a9   Thumb Code     8  sys_exit.o(.text)
    __I$use$semihosting                      0x080003b5   Thumb Code     0  use_no_semi.o(.text)
    __use_no_semihosting_swi                 0x080003b5   Thumb Code     2  use_no_semi.o(.text)
    __semihosting_library_function           0x080003b7   Thumb Code     0  indicate_semi.o(.text)
    CheckAdcData                             0x08000415   Thumb Code  4114  outswitch.o(i.CheckAdcData)
    CheckUsart1RxFrameEnd                    0x08001449   Thumb Code    12  usart.o(i.CheckUsart1RxFrameEnd)
    DISP_281_Amp                             0x08001459   Thumb Code   144  dispparam.o(i.DISP_281_Amp)
    DISP_281_Volt                            0x080014f1   Thumb Code   144  dispparam.o(i.DISP_281_Volt)
    DISP_282_Amp                             0x08001589   Thumb Code   144  dispparam.o(i.DISP_282_Amp)
    DISP_282_Volt                            0x08001621   Thumb Code   144  dispparam.o(i.DISP_282_Volt)
    DISP_A_Amp                               0x080016b9   Thumb Code   144  dispparam.o(i.DISP_A_Amp)
    DISP_A_Volt                              0x08001751   Thumb Code   144  dispparam.o(i.DISP_A_Volt)
    DISP_B_Amp                               0x080017e9   Thumb Code   144  dispparam.o(i.DISP_B_Amp)
    DISP_B_Volt                              0x08001881   Thumb Code   144  dispparam.o(i.DISP_B_Volt)
    DISP_C_Amp                               0x08001919   Thumb Code   144  dispparam.o(i.DISP_C_Amp)
    DISP_C_Volt                              0x080019b1   Thumb Code   144  dispparam.o(i.DISP_C_Volt)
    DS18B20_CheckDevice                      0x08001a49   Thumb Code   132  ds18b20.o(i.DS18B20_CheckDevice)
    DS18B20_CleckAck                         0x08001ad1   Thumb Code   214  ds18b20.o(i.DS18B20_CleckAck)
    DS18B20_GetFan                           0x08001bad   Thumb Code   174  ds18b20.o(i.DS18B20_GetFan)
    DS18B20_GetTemp                          0x08001c6d   Thumb Code   184  ds18b20.o(i.DS18B20_GetTemp)
    DS18B20_Init                             0x08001d3d   Thumb Code    52  ds18b20.o(i.DS18B20_Init)
    DS18B20_ReadByte                         0x08001d75   Thumb Code   264  ds18b20.o(i.DS18B20_ReadByte)
    DS18B20_ReadTemp                         0x08001e81   Thumb Code    38  ds18b20.o(i.DS18B20_ReadTemp)
    DS18B20_Temp_Finish                      0x08001ea9   Thumb Code    30  ds18b20.o(i.DS18B20_Temp_Finish)
    DS18B20_WriteByte                        0x08001ed1   Thumb Code   204  ds18b20.o(i.DS18B20_WriteByte)
    DelayUs                                  0x08001fa1   Thumb Code    26  systick.o(i.DelayUs)
    Delay_AD                                 0x08001fbb   Thumb Code    28  spi.o(i.Delay_AD)
    DeviceWorkStatus                         0x08001fd7   Thumb Code    16  errorcontrol.o(i.DeviceWorkStatus)
    DispFull                                 0x08001fe9   Thumb Code   128  dispparam.o(i.DispFull)
    DispRunParam                             0x08002075   Thumb Code   192  dispparam.o(i.DispRunParam)
    DispUpdateTask                           0x08002135   Thumb Code    60  dispparam.o(i.DispUpdateTask)
    FanTurnOn                                0x0800217d   Thumb Code    90  pwm.o(i.FanTurnOn)
    FilterSpiData                            0x080021d9   Thumb Code  2222  spi.o(i.FilterSpiData)
    GetAcDioSet                              0x08002a91   Thumb Code     6  datacomm.o(i.GetAcDioSet)
    GetChannelID                             0x08002a9d   Thumb Code    18  getadc.o(i.GetChannelID)
    GetCountTicks                            0x08002ab5   Thumb Code     6  usertimer.o(i.GetCountTicks)
    GetDcDioSet                              0x08002ac1   Thumb Code     6  datacomm.o(i.GetDcDioSet)
    GetSpiSteadyData                         0x08002acd   Thumb Code    16  spi.o(i.GetSpiSteadyData)
    HC245_AC_Switch_Config                   0x08002ae1   Thumb Code   428  outswitch.o(i.HC245_AC_Switch_Config)
    HC245_DC_Switch_Config                   0x08002c91   Thumb Code   876  outswitch.o(i.HC245_DC_Switch_Config)
    HC245_Power_Switch_Config                0x0800300d   Thumb Code    64  outswitch.o(i.HC245_Power_Switch_Config)
    HC245_Set                                0x0800304d   Thumb Code    88  outswitch.o(i.HC245_Set)
    HC4051_Switch                            0x080030a9   Thumb Code   258  getadc.o(i.HC4051_Switch)
    HC4051_Switch_do                         0x080031b5   Thumb Code   238  getadc.o(i.HC4051_Switch_do)
    LPF_Init                                 0x080032eb   Thumb Code    26  filter.o(i.LPF_Init)
    LPF_UpdateFreq                           0x08003305   Thumb Code    34  filter.o(i.LPF_UpdateFreq)
    Lpf_Init                                 0x08003329   Thumb Code    88  getadc.o(i.Lpf_Init)
    MCU_CLK1_H                               0x08003389   Thumb Code    12  tm1640.o(i.MCU_CLK1_H)
    MCU_CLK1_L                               0x08003399   Thumb Code    12  tm1640.o(i.MCU_CLK1_L)
    MCU_CLK2_H                               0x080033a9   Thumb Code    12  tm1640.o(i.MCU_CLK2_H)
    MCU_CLK2_L                               0x080033b9   Thumb Code    12  tm1640.o(i.MCU_CLK2_L)
    MCU_CLK3_H                               0x080033c9   Thumb Code    12  tm1640.o(i.MCU_CLK3_H)
    MCU_CLK3_L                               0x080033d9   Thumb Code    12  tm1640.o(i.MCU_CLK3_L)
    MCU_DATA1_H                              0x080033e9   Thumb Code    12  tm1640.o(i.MCU_DATA1_H)
    MCU_DATA1_L                              0x080033f9   Thumb Code    12  tm1640.o(i.MCU_DATA1_L)
    MCU_DATA2_H                              0x08003409   Thumb Code    12  tm1640.o(i.MCU_DATA2_H)
    MCU_DATA2_L                              0x08003419   Thumb Code    12  tm1640.o(i.MCU_DATA2_L)
    MCU_DATA3_H                              0x08003429   Thumb Code    12  tm1640.o(i.MCU_DATA3_H)
    MCU_DATA3_L                              0x08003439   Thumb Code    12  tm1640.o(i.MCU_DATA3_L)
    ModbusRegInit                            0x08003449   Thumb Code    68  datacomm.o(i.ModbusRegInit)
    ModbusResponseTask                       0x08003491   Thumb Code   110  datacomm.o(i.ModbusResponseTask)
    ModbusSlaveResponse                      0x0800352d   Thumb Code   374  modbusslave.o(i.ModbusSlaveResponse)
    PWM_Init                                 0x080036c9   Thumb Code   266  pwm.o(i.PWM_Init)
    Port_Init                                0x080037d9   Thumb Code   960  pinout.o(i.Port_Init)
    ReadErrorReg                             0x08003d21   Thumb Code     4  errorcontrol.o(i.ReadErrorReg)
    ReadErrorStatus                          0x08003d29   Thumb Code    14  errorcontrol.o(i.ReadErrorStatus)
    ReadOnLineVal                            0x08004069   Thumb Code     4  datacomm.o(i.ReadOnLineVal)
    ReadReg                                  0x08004071   Thumb Code     4  datacomm.o(i.ReadReg)
    ReadUsart1RxCnt                          0x08004079   Thumb Code     4  usart.o(i.ReadUsart1RxCnt)
    ReadUsart1RxData                         0x08004081   Thumb Code     4  usart.o(i.ReadUsart1RxData)
    Read_SPI_All                             0x08004089   Thumb Code   232  spi.o(i.Read_SPI_All)
    ResetErrorCode                           0x0800417d   Thumb Code    34  errorcontrol.o(i.ResetErrorCode)
    SetAcDcDio                               0x080041a9   Thumb Code    10  datacomm.o(i.SetAcDcDio)
    SetErrorCode                             0x080041bd   Thumb Code    36  errorcontrol.o(i.SetErrorCode)
    SysTick_Handler                          0x080041e9   Thumb Code    22  systick.o(i.SysTick_Handler)
    SysTick_Init                             0x08004205   Thumb Code    64  systick.o(i.SysTick_Init)
    SystemInit                               0x08004245   Thumb Code   194  system_gd32f4xx.o(i.SystemInit)
    TM1640_Disp_Init                         0x08004319   Thumb Code   126  tm1640.o(i.TM1640_Disp_Init)
    TM1640_Disp_Update                       0x0800439d   Thumb Code    80  tm1640.o(i.TM1640_Disp_Update)
    TM1640_IO_Init                           0x080043f1   Thumb Code   180  tm1640.o(i.TM1640_IO_Init)
    TaskManage                               0x08004529   Thumb Code    24  taskmanage.o(i.TaskManage)
    TaskProcess                              0x08004545   Thumb Code    50  systick.o(i.TaskProcess)
    TaskSchedule                             0x0800457d   Thumb Code    94  systick.o(i.TaskSchedule)
    TickCountTask                            0x080045f1   Thumb Code    20  usertimer.o(i.TickCountTask)
    TimerInit                                0x08004609   Thumb Code    30  usertimer.o(i.TimerInit)
    TimerKill                                0x08004627   Thumb Code    12  usertimer.o(i.TimerKill)
    TimerStsRead                             0x08004633   Thumb Code    44  usertimer.o(i.TimerStsRead)
    USART1_IRQHandler                        0x08004661   Thumb Code   102  usart.o(i.USART1_IRQHandler)
    USART2_IRQHandler                        0x080046e1   Thumb Code   102  usart.o(i.USART2_IRQHandler)
    UpdateAdcData                            0x08004761   Thumb Code   736  getadc.o(i.UpdateAdcData)
    Usart1_init                              0x08004a45   Thumb Code   198  usart.o(i.Usart1_init)
    UsartSendData                            0x08004b15   Thumb Code    90  usart.o(i.UsartSendData)
    Wdt_Toggle                               0x08004b79   Thumb Code    32  pinout.o(i.Wdt_Toggle)
    Wire_Check                               0x08004b9d   Thumb Code    14  pinout.o(i.Wire_Check)
    XL2543_Init                              0x08004ed1   Thumb Code   146  spi.o(i.XL2543_Init)
    gpio_af_set                              0x08004f69   Thumb Code    94  gd32f4xx_gpio.o(i.gpio_af_set)
    gpio_bit_reset                           0x08004fc7   Thumb Code     4  gd32f4xx_gpio.o(i.gpio_bit_reset)
    gpio_bit_set                             0x08004fcb   Thumb Code     4  gd32f4xx_gpio.o(i.gpio_bit_set)
    gpio_bit_write                           0x08004fcf   Thumb Code    10  gd32f4xx_gpio.o(i.gpio_bit_write)
    gpio_deinit                              0x08004fd9   Thumb Code   206  gd32f4xx_gpio.o(i.gpio_deinit)
    gpio_input_bit_get                       0x080050a7   Thumb Code    16  gd32f4xx_gpio.o(i.gpio_input_bit_get)
    gpio_mode_set                            0x080050b7   Thumb Code    78  gd32f4xx_gpio.o(i.gpio_mode_set)
    gpio_output_bit_get                      0x08005105   Thumb Code    16  gd32f4xx_gpio.o(i.gpio_output_bit_get)
    gpio_output_options_set                  0x08005115   Thumb Code    66  gd32f4xx_gpio.o(i.gpio_output_options_set)
    main                                     0x08005159   Thumb Code   124  main.o(i.main)
    nvic_irq_enable                          0x080051d9   Thumb Code   186  gd32f4xx_misc.o(i.nvic_irq_enable)
    nvic_priority_group_set                  0x0800529d   Thumb Code    10  gd32f4xx_misc.o(i.nvic_priority_group_set)
    rcu_clock_freq_get                       0x080052b1   Thumb Code   264  gd32f4xx_rcu.o(i.rcu_clock_freq_get)
    rcu_periph_clock_enable                  0x080053d5   Thumb Code    32  gd32f4xx_rcu.o(i.rcu_periph_clock_enable)
    rcu_periph_reset_disable                 0x080053f9   Thumb Code    32  gd32f4xx_rcu.o(i.rcu_periph_reset_disable)
    rcu_periph_reset_enable                  0x0800541d   Thumb Code    32  gd32f4xx_rcu.o(i.rcu_periph_reset_enable)
    rcu_timer_clock_prescaler_config         0x08005441   Thumb Code    32  gd32f4xx_rcu.o(i.rcu_timer_clock_prescaler_config)
    read2543                                 0x08005465   Thumb Code   178  spi.o(i.read2543)
    readBoxTemp                              0x0800551d   Thumb Code    38  taskmanage.o(i.readBoxTemp)
    readFanTemp                              0x08005543   Thumb Code   200  taskmanage.o(i.readFanTemp)
    timer_auto_reload_shadow_enable          0x0800571d   Thumb Code    10  gd32f4xx_timer.o(i.timer_auto_reload_shadow_enable)
    timer_channel_output_config              0x08005729   Thumb Code   484  gd32f4xx_timer.o(i.timer_channel_output_config)
    timer_channel_output_mode_config         0x08005915   Thumb Code    90  gd32f4xx_timer.o(i.timer_channel_output_mode_config)
    timer_channel_output_pulse_value_config  0x0800596f   Thumb Code    38  gd32f4xx_timer.o(i.timer_channel_output_pulse_value_config)
    timer_channel_output_shadow_config       0x08005995   Thumb Code    90  gd32f4xx_timer.o(i.timer_channel_output_shadow_config)
    timer_deinit                             0x080059f1   Thumb Code   374  gd32f4xx_timer.o(i.timer_deinit)
    timer_enable                             0x08005b75   Thumb Code    10  gd32f4xx_timer.o(i.timer_enable)
    timer_init                               0x08005b81   Thumb Code   122  gd32f4xx_timer.o(i.timer_init)
    timer_primary_output_config              0x08005c19   Thumb Code    24  gd32f4xx_timer.o(i.timer_primary_output_config)
    usart_baudrate_set                       0x08005c31   Thumb Code   224  gd32f4xx_usart.o(i.usart_baudrate_set)
    usart_data_receive                       0x08005d19   Thumb Code    10  gd32f4xx_usart.o(i.usart_data_receive)
    usart_data_transmit                      0x08005d23   Thumb Code     8  gd32f4xx_usart.o(i.usart_data_transmit)
    usart_deinit                             0x08005d2d   Thumb Code   210  gd32f4xx_usart.o(i.usart_deinit)
    usart_enable                             0x08005e09   Thumb Code    10  gd32f4xx_usart.o(i.usart_enable)
    usart_flag_get                           0x08005e13   Thumb Code    30  gd32f4xx_usart.o(i.usart_flag_get)
    usart_hardware_flow_cts_config           0x08005e31   Thumb Code    20  gd32f4xx_usart.o(i.usart_hardware_flow_cts_config)
    usart_hardware_flow_rts_config           0x08005e45   Thumb Code    20  gd32f4xx_usart.o(i.usart_hardware_flow_rts_config)
    usart_interrupt_enable                   0x08005e59   Thumb Code    26  gd32f4xx_usart.o(i.usart_interrupt_enable)
    usart_interrupt_flag_clear               0x08005e73   Thumb Code    26  gd32f4xx_usart.o(i.usart_interrupt_flag_clear)
    usart_interrupt_flag_get                 0x08005e8d   Thumb Code    56  gd32f4xx_usart.o(i.usart_interrupt_flag_get)
    usart_parity_config                      0x08005ec5   Thumb Code    16  gd32f4xx_usart.o(i.usart_parity_config)
    usart_receive_config                     0x08005ed5   Thumb Code    16  gd32f4xx_usart.o(i.usart_receive_config)
    usart_stop_bit_set                       0x08005ee5   Thumb Code    16  gd32f4xx_usart.o(i.usart_stop_bit_set)
    usart_transmit_config                    0x08005ef5   Thumb Code    16  gd32f4xx_usart.o(i.usart_transmit_config)
    usart_word_length_set                    0x08005f05   Thumb Code    16  gd32f4xx_usart.o(i.usart_word_length_set)
    __aeabi_d2uiz                            0x08005f15   Thumb Code     0  dfixu.o(x$fpl$dfixu)
    _dfixu                                   0x08005f15   Thumb Code    90  dfixu.o(x$fpl$dfixu)
    __aeabi_i2d                              0x08005f6f   Thumb Code     0  dflt_clz.o(x$fpl$dflt)
    _dflt                                    0x08005f6f   Thumb Code    46  dflt_clz.o(x$fpl$dflt)
    __aeabi_dmul                             0x08005f9d   Thumb Code     0  dmul.o(x$fpl$dmul)
    _dmul                                    0x08005f9d   Thumb Code   332  dmul.o(x$fpl$dmul)
    __fpl_dnaninf                            0x080060f1   Thumb Code   156  dnaninf.o(x$fpl$dnaninf)
    __fpl_dretinf                            0x0800618d   Thumb Code    12  dretinf.o(x$fpl$dretinf)
    _fp_init                                 0x08006199   Thumb Code    10  fpinit.o(x$fpl$fpinit)
    __fplib_config_fpu_vfp                   0x080061a1   Thumb Code     0  fpinit.o(x$fpl$fpinit)
    __fplib_config_pureend_doubles           0x080061a1   Thumb Code     0  fpinit.o(x$fpl$fpinit)
    __I$use$fp                               0x080061a2   Number         0  usenofp.o(x$fpl$usenofp)
    SegCode                                  0x08006418   Data          22  dispparam.o(.constdata)
    Region$$Table$$Base                      0x080069b0   Number         0  anon$$obj.o(Region$$Table)
    Region$$Table$$Limit                     0x080069d0   Number         0  anon$$obj.o(Region$$Table)
    ptSpiData                                0x20000044   Data           4  spi.o(.data)
    s_tReg                                   0x20000060   Data           4  getadc.o(.data)
    tempConFinish                            0x200000c4   Data           1  ds18b20.o(.data)
    fanConFinish                             0x200000c5   Data           1  ds18b20.o(.data)
    temp18b20                                0x200000c6   Data           2  ds18b20.o(.data)
    s_llCountTicks                           0x200000d0   Data           8  usertimer.o(.data)
    DisBuf                                   0x20001b7c   Data          32  dispparam.o(.bss)
    DisBuf1                                  0x20001b9c   Data          32  dispparam.o(.bss)
    DisBuf2                                  0x20001bbc   Data          32  dispparam.o(.bss)
    Disp_AVolt                               0x20001bdc   Data          14  dispparam.o(.bss)
    Disp_AAmp                                0x20001bea   Data          14  dispparam.o(.bss)
    Disp_BVolt                               0x20001bf8   Data          14  dispparam.o(.bss)
    Disp_BAmp                                0x20001c06   Data          14  dispparam.o(.bss)
    Disp_CVolt                               0x20001c14   Data          14  dispparam.o(.bss)
    Disp_CAmp                                0x20001c22   Data          14  dispparam.o(.bss)
    Disp_281Volt                             0x20001c30   Data          14  dispparam.o(.bss)
    Disp_281Amp                              0x20001c3e   Data          14  dispparam.o(.bss)
    Disp_282Volt                             0x20001c4c   Data          14  dispparam.o(.bss)
    Disp_282Amp                              0x20001c5a   Data          14  dispparam.o(.bss)
    __libspace_start                         0x20002828   Data          96  libspace.o(.bss)
    __temporary_stack_top$libspace           0x20002888   Data           0  libspace.o(.bss)



==============================================================================

Memory Map of the image

  Image Entry point : 0x080001ad

  Load Region LR_IROM1 (Base: 0x08000000, Size: 0x00006aa8, Max: 0x00200000, ABSOLUTE)

    Execution Region ER_IROM1 (Exec base: 0x08000000, Load base: 0x08000000, Size: 0x000069d0, Max: 0x00200000, ABSOLUTE)

    Exec Addr    Load Addr    Size         Type   Attr      Idx    E Section Name        Object

    0x08000000   0x08000000   0x000001ac   Data   RO          160    RESET               startup_gd32f450_470.o
    0x080001ac   0x080001ac   0x00000008   Code   RO         7060  * !!!main             c_w.l(__main.o)
    0x080001b4   0x080001b4   0x00000034   Code   RO         7250    !!!scatter          c_w.l(__scatter.o)
    0x080001e8   0x080001e8   0x0000001a   Code   RO         7252    !!handler_copy      c_w.l(__scatter_copy.o)
    0x08000202   0x08000202   0x00000002   PAD
    0x08000204   0x08000204   0x0000001c   Code   RO         7254    !!handler_zi        c_w.l(__scatter_zi.o)
    0x08000220   0x08000220   0x00000002   Code   RO         7116    .ARM.Collect$$libinit$$00000000  c_w.l(libinit.o)
    0x08000222   0x08000222   0x00000004   Code   RO         7126    .ARM.Collect$$libinit$$00000001  c_w.l(libinit2.o)
    0x08000226   0x08000226   0x00000000   Code   RO         7129    .ARM.Collect$$libinit$$00000004  c_w.l(libinit2.o)
    0x08000226   0x08000226   0x00000000   Code   RO         7132    .ARM.Collect$$libinit$$0000000A  c_w.l(libinit2.o)
    0x08000226   0x08000226   0x00000000   Code   RO         7134    .ARM.Collect$$libinit$$0000000C  c_w.l(libinit2.o)
    0x08000226   0x08000226   0x00000000   Code   RO         7136    .ARM.Collect$$libinit$$0000000E  c_w.l(libinit2.o)
    0x08000226   0x08000226   0x00000000   Code   RO         7139    .ARM.Collect$$libinit$$00000011  c_w.l(libinit2.o)
    0x08000226   0x08000226   0x00000000   Code   RO         7141    .ARM.Collect$$libinit$$00000013  c_w.l(libinit2.o)
    0x08000226   0x08000226   0x00000000   Code   RO         7143    .ARM.Collect$$libinit$$00000015  c_w.l(libinit2.o)
    0x08000226   0x08000226   0x00000000   Code   RO         7145    .ARM.Collect$$libinit$$00000017  c_w.l(libinit2.o)
    0x08000226   0x08000226   0x00000000   Code   RO         7147    .ARM.Collect$$libinit$$00000019  c_w.l(libinit2.o)
    0x08000226   0x08000226   0x00000000   Code   RO         7149    .ARM.Collect$$libinit$$0000001B  c_w.l(libinit2.o)
    0x08000226   0x08000226   0x00000000   Code   RO         7151    .ARM.Collect$$libinit$$0000001D  c_w.l(libinit2.o)
    0x08000226   0x08000226   0x00000000   Code   RO         7153    .ARM.Collect$$libinit$$0000001F  c_w.l(libinit2.o)
    0x08000226   0x08000226   0x00000000   Code   RO         7155    .ARM.Collect$$libinit$$00000021  c_w.l(libinit2.o)
    0x08000226   0x08000226   0x00000000   Code   RO         7157    .ARM.Collect$$libinit$$00000023  c_w.l(libinit2.o)
    0x08000226   0x08000226   0x00000000   Code   RO         7159    .ARM.Collect$$libinit$$00000025  c_w.l(libinit2.o)
    0x08000226   0x08000226   0x00000000   Code   RO         7163    .ARM.Collect$$libinit$$0000002C  c_w.l(libinit2.o)
    0x08000226   0x08000226   0x00000000   Code   RO         7165    .ARM.Collect$$libinit$$0000002E  c_w.l(libinit2.o)
    0x08000226   0x08000226   0x00000000   Code   RO         7167    .ARM.Collect$$libinit$$00000030  c_w.l(libinit2.o)
    0x08000226   0x08000226   0x00000000   Code   RO         7169    .ARM.Collect$$libinit$$00000032  c_w.l(libinit2.o)
    0x08000226   0x08000226   0x00000002   Code   RO         7170    .ARM.Collect$$libinit$$00000033  c_w.l(libinit2.o)
    0x08000228   0x08000228   0x00000002   Code   RO         7200    .ARM.Collect$$libshutdown$$00000000  c_w.l(libshutdown.o)
    0x0800022a   0x0800022a   0x00000000   Code   RO         7217    .ARM.Collect$$libshutdown$$00000002  c_w.l(libshutdown2.o)
    0x0800022a   0x0800022a   0x00000000   Code   RO         7219    .ARM.Collect$$libshutdown$$00000004  c_w.l(libshutdown2.o)
    0x0800022a   0x0800022a   0x00000000   Code   RO         7222    .ARM.Collect$$libshutdown$$00000007  c_w.l(libshutdown2.o)
    0x0800022a   0x0800022a   0x00000000   Code   RO         7225    .ARM.Collect$$libshutdown$$0000000A  c_w.l(libshutdown2.o)
    0x0800022a   0x0800022a   0x00000000   Code   RO         7227    .ARM.Collect$$libshutdown$$0000000C  c_w.l(libshutdown2.o)
    0x0800022a   0x0800022a   0x00000000   Code   RO         7230    .ARM.Collect$$libshutdown$$0000000F  c_w.l(libshutdown2.o)
    0x0800022a   0x0800022a   0x00000002   Code   RO         7231    .ARM.Collect$$libshutdown$$00000010  c_w.l(libshutdown2.o)
    0x0800022c   0x0800022c   0x00000000   Code   RO         7078    .ARM.Collect$$rtentry$$00000000  c_w.l(__rtentry.o)
    0x0800022c   0x0800022c   0x00000000   Code   RO         7087    .ARM.Collect$$rtentry$$00000002  c_w.l(__rtentry2.o)
    0x0800022c   0x0800022c   0x00000006   Code   RO         7099    .ARM.Collect$$rtentry$$00000004  c_w.l(__rtentry4.o)
    0x08000232   0x08000232   0x00000000   Code   RO         7089    .ARM.Collect$$rtentry$$00000009  c_w.l(__rtentry2.o)
    0x08000232   0x08000232   0x00000004   Code   RO         7090    .ARM.Collect$$rtentry$$0000000A  c_w.l(__rtentry2.o)
    0x08000236   0x08000236   0x00000000   Code   RO         7092    .ARM.Collect$$rtentry$$0000000C  c_w.l(__rtentry2.o)
    0x08000236   0x08000236   0x00000008   Code   RO         7093    .ARM.Collect$$rtentry$$0000000D  c_w.l(__rtentry2.o)
    0x0800023e   0x0800023e   0x00000002   Code   RO         7120    .ARM.Collect$$rtexit$$00000000  c_w.l(rtexit.o)
    0x08000240   0x08000240   0x00000000   Code   RO         7172    .ARM.Collect$$rtexit$$00000002  c_w.l(rtexit2.o)
    0x08000240   0x08000240   0x00000004   Code   RO         7173    .ARM.Collect$$rtexit$$00000003  c_w.l(rtexit2.o)
    0x08000244   0x08000244   0x00000006   Code   RO         7174    .ARM.Collect$$rtexit$$00000004  c_w.l(rtexit2.o)
    0x0800024a   0x0800024a   0x00000002   PAD
    0x0800024c   0x0800024c   0x00000040   Code   RO          161    .text               startup_gd32f450_470.o
    0x0800028c   0x0800028c   0x00000064   Code   RO         7054    .text               c_w.l(rt_memcpy_w.o)
    0x080002f0   0x080002f0   0x0000004e   Code   RO         7056    .text               c_w.l(rt_memclr_w.o)
    0x0800033e   0x0800033e   0x00000006   Code   RO         7058    .text               c_w.l(heapauxi.o)
    0x08000344   0x08000344   0x0000004a   Code   RO         7105    .text               c_w.l(sys_stackheap_outer.o)
    0x0800038e   0x0800038e   0x00000012   Code   RO         7109    .text               c_w.l(exit.o)
    0x080003a0   0x080003a0   0x00000008   Code   RO         7117    .text               c_w.l(libspace.o)
    0x080003a8   0x080003a8   0x0000000c   Code   RO         7188    .text               c_w.l(sys_exit.o)
    0x080003b4   0x080003b4   0x00000002   Code   RO         7205    .text               c_w.l(use_no_semi.o)
    0x080003b6   0x080003b6   0x00000000   Code   RO         7207    .text               c_w.l(indicate_semi.o)
    0x080003b6   0x080003b6   0x00000002   PAD
    0x080003b8   0x080003b8   0x0000005c   Code   RO         6253    i.CRC_Compute       modbusslave.o
    0x08000414   0x08000414   0x00001034   Code   RO         6684    i.CheckAdcData      outswitch.o
    0x08001448   0x08001448   0x00000010   Code   RO         5882    i.CheckUsart1RxFrameEnd  usart.o
    0x08001458   0x08001458   0x00000098   Code   RO         6427    i.DISP_281_Amp      dispparam.o
    0x080014f0   0x080014f0   0x00000098   Code   RO         6428    i.DISP_281_Volt     dispparam.o
    0x08001588   0x08001588   0x00000098   Code   RO         6429    i.DISP_282_Amp      dispparam.o
    0x08001620   0x08001620   0x00000098   Code   RO         6430    i.DISP_282_Volt     dispparam.o
    0x080016b8   0x080016b8   0x00000098   Code   RO         6431    i.DISP_A_Amp        dispparam.o
    0x08001750   0x08001750   0x00000098   Code   RO         6432    i.DISP_A_Volt       dispparam.o
    0x080017e8   0x080017e8   0x00000098   Code   RO         6433    i.DISP_B_Amp        dispparam.o
    0x08001880   0x08001880   0x00000098   Code   RO         6434    i.DISP_B_Volt       dispparam.o
    0x08001918   0x08001918   0x00000098   Code   RO         6435    i.DISP_C_Amp        dispparam.o
    0x080019b0   0x080019b0   0x00000098   Code   RO         6436    i.DISP_C_Volt       dispparam.o
    0x08001a48   0x08001a48   0x00000088   Code   RO         6853    i.DS18B20_CheckDevice  ds18b20.o
    0x08001ad0   0x08001ad0   0x000000dc   Code   RO         6854    i.DS18B20_CleckAck  ds18b20.o
    0x08001bac   0x08001bac   0x000000c0   Code   RO         6855    i.DS18B20_GetFan    ds18b20.o
    0x08001c6c   0x08001c6c   0x000000d0   Code   RO         6856    i.DS18B20_GetTemp   ds18b20.o
    0x08001d3c   0x08001d3c   0x00000038   Code   RO         6857    i.DS18B20_Init      ds18b20.o
    0x08001d74   0x08001d74   0x0000010c   Code   RO         6858    i.DS18B20_ReadByte  ds18b20.o
    0x08001e80   0x08001e80   0x00000026   Code   RO         6859    i.DS18B20_ReadTemp  ds18b20.o
    0x08001ea6   0x08001ea6   0x00000002   PAD
    0x08001ea8   0x08001ea8   0x00000028   Code   RO         6860    i.DS18B20_Temp_Finish  ds18b20.o
    0x08001ed0   0x08001ed0   0x000000d0   Code   RO         6861    i.DS18B20_WriteByte  ds18b20.o
    0x08001fa0   0x08001fa0   0x0000001a   Code   RO         5710    i.DelayUs           systick.o
    0x08001fba   0x08001fba   0x0000001c   Code   RO         6008    i.Delay_AD          spi.o
    0x08001fd6   0x08001fd6   0x00000010   Code   RO         6554    i.DeviceWorkStatus  errorcontrol.o
    0x08001fe6   0x08001fe6   0x00000002   PAD
    0x08001fe8   0x08001fe8   0x0000008c   Code   RO         6439    i.DispFull          dispparam.o
    0x08002074   0x08002074   0x000000c0   Code   RO         6440    i.DispRunParam      dispparam.o
    0x08002134   0x08002134   0x00000048   Code   RO         6441    i.DispUpdateTask    dispparam.o
    0x0800217c   0x0800217c   0x0000005a   Code   RO         6119    i.FanTurnOn         pwm.o
    0x080021d6   0x080021d6   0x00000002   PAD
    0x080021d8   0x080021d8   0x000008b4   Code   RO         6009    i.FilterSpiData     spi.o
    0x08002a8c   0x08002a8c   0x00000002   Code   RO         6153    i.FiveHundredsMsTask  taskmanage.o
    0x08002a8e   0x08002a8e   0x00000002   PAD
    0x08002a90   0x08002a90   0x0000000c   Code   RO         6322    i.GetAcDioSet       datacomm.o
    0x08002a9c   0x08002a9c   0x00000018   Code   RO         6626    i.GetChannelID      getadc.o
    0x08002ab4   0x08002ab4   0x0000000c   Code   RO         6964    i.GetCountTicks     UserTimer.lib(usertimer.o)
    0x08002ac0   0x08002ac0   0x0000000c   Code   RO         6323    i.GetDcDioSet       datacomm.o
    0x08002acc   0x08002acc   0x00000014   Code   RO         6010    i.GetSpiSteadyData  spi.o
    0x08002ae0   0x08002ae0   0x000001b0   Code   RO         6685    i.HC245_AC_Switch_Config  outswitch.o
    0x08002c90   0x08002c90   0x0000037c   Code   RO         6686    i.HC245_DC_Switch_Config  outswitch.o
    0x0800300c   0x0800300c   0x00000040   Code   RO         6687    i.HC245_Power_Switch_Config  outswitch.o
    0x0800304c   0x0800304c   0x0000005c   Code   RO         6688    i.HC245_Set         outswitch.o
    0x080030a8   0x080030a8   0x0000010c   Code   RO         6627    i.HC4051_Switch     getadc.o
    0x080031b4   0x080031b4   0x000000f8   Code   RO         6628    i.HC4051_Switch_do  getadc.o
    0x080032ac   0x080032ac   0x0000003e   Code   RO         6154    i.HundredMsTask     taskmanage.o
    0x080032ea   0x080032ea   0x0000001a   Code   RO         7017    i.LPF_Init          Filter.lib(filter.o)
    0x08003304   0x08003304   0x00000022   Code   RO         7020    i.LPF_UpdateFreq    Filter.lib(filter.o)
    0x08003326   0x08003326   0x00000002   PAD
    0x08003328   0x08003328   0x00000060   Code   RO         6629    i.Lpf_Init          getadc.o
    0x08003388   0x08003388   0x00000010   Code   RO         5759    i.MCU_CLK1_H        tm1640.o
    0x08003398   0x08003398   0x00000010   Code   RO         5760    i.MCU_CLK1_L        tm1640.o
    0x080033a8   0x080033a8   0x00000010   Code   RO         5761    i.MCU_CLK2_H        tm1640.o
    0x080033b8   0x080033b8   0x00000010   Code   RO         5762    i.MCU_CLK2_L        tm1640.o
    0x080033c8   0x080033c8   0x00000010   Code   RO         5763    i.MCU_CLK3_H        tm1640.o
    0x080033d8   0x080033d8   0x00000010   Code   RO         5764    i.MCU_CLK3_L        tm1640.o
    0x080033e8   0x080033e8   0x00000010   Code   RO         5765    i.MCU_DATA1_H       tm1640.o
    0x080033f8   0x080033f8   0x00000010   Code   RO         5766    i.MCU_DATA1_L       tm1640.o
    0x08003408   0x08003408   0x00000010   Code   RO         5767    i.MCU_DATA2_H       tm1640.o
    0x08003418   0x08003418   0x00000010   Code   RO         5768    i.MCU_DATA2_L       tm1640.o
    0x08003428   0x08003428   0x00000010   Code   RO         5769    i.MCU_DATA3_H       tm1640.o
    0x08003438   0x08003438   0x00000010   Code   RO         5770    i.MCU_DATA3_L       tm1640.o
    0x08003448   0x08003448   0x00000048   Code   RO         6324    i.ModbusRegInit     datacomm.o
    0x08003490   0x08003490   0x0000009c   Code   RO         6325    i.ModbusResponseTask  datacomm.o
    0x0800352c   0x0800352c   0x00000176   Code   RO         6254    i.ModbusSlaveResponse  modbusslave.o
    0x080036a2   0x080036a2   0x00000002   PAD
    0x080036a4   0x080036a4   0x00000024   Code   RO         6155    i.OneMsTask         taskmanage.o
    0x080036c8   0x080036c8   0x00000110   Code   RO         6120    i.PWM_Init          pwm.o
    0x080037d8   0x080037d8   0x000003d0   Code   RO         5675    i.Port_Init         pinout.o
    0x08003ba8   0x08003ba8   0x00000178   Code   RO         6255    i.ReadCoilStatusResponse  modbusslave.o
    0x08003d20   0x08003d20   0x00000008   Code   RO         6557    i.ReadErrorReg      errorcontrol.o
    0x08003d28   0x08003d28   0x00000014   Code   RO         6558    i.ReadErrorStatus   errorcontrol.o
    0x08003d3c   0x08003d3c   0x000000da   Code   RO         6256    i.ReadHoldRegResponse  modbusslave.o
    0x08003e16   0x08003e16   0x000000da   Code   RO         6257    i.ReadInputRegResponse  modbusslave.o
    0x08003ef0   0x08003ef0   0x00000178   Code   RO         6258    i.ReadInputStatusResponse  modbusslave.o
    0x08004068   0x08004068   0x00000008   Code   RO         6326    i.ReadOnLineVal     datacomm.o
    0x08004070   0x08004070   0x00000008   Code   RO         6327    i.ReadReg           datacomm.o
    0x08004078   0x08004078   0x00000008   Code   RO         5884    i.ReadUsart1RxCnt   usart.o
    0x08004080   0x08004080   0x00000008   Code   RO         5885    i.ReadUsart1RxData  usart.o
    0x08004088   0x08004088   0x000000f4   Code   RO         6013    i.Read_SPI_All      spi.o
    0x0800417c   0x0800417c   0x0000002c   Code   RO         6560    i.ResetErrorCode    errorcontrol.o
    0x080041a8   0x080041a8   0x00000014   Code   RO         6328    i.SetAcDcDio        datacomm.o
    0x080041bc   0x080041bc   0x0000002c   Code   RO         6561    i.SetErrorCode      errorcontrol.o
    0x080041e8   0x080041e8   0x0000001c   Code   RO         5711    i.SysTick_Handler   systick.o
    0x08004204   0x08004204   0x00000040   Code   RO         5712    i.SysTick_Init      systick.o
    0x08004244   0x08004244   0x000000d4   Code   RO            4    i.SystemInit        system_gd32f4xx.o
    0x08004318   0x08004318   0x00000084   Code   RO         5771    i.TM1640_Disp_Init  tm1640.o
    0x0800439c   0x0800439c   0x00000054   Code   RO         5772    i.TM1640_Disp_Update  tm1640.o
    0x080043f0   0x080043f0   0x000000b8   Code   RO         5773    i.TM1640_IO_Init    tm1640.o
    0x080044a8   0x080044a8   0x0000003a   Code   RO         5774    i.TM1640_Send       tm1640.o
    0x080044e2   0x080044e2   0x00000022   Code   RO         5775    i.TM1640_Start      tm1640.o
    0x08004504   0x08004504   0x00000022   Code   RO         5776    i.TM1640_Stop       tm1640.o
    0x08004526   0x08004526   0x00000002   PAD
    0x08004528   0x08004528   0x0000001c   Code   RO         6156    i.TaskManage        taskmanage.o
    0x08004544   0x08004544   0x00000038   Code   RO         5713    i.TaskProcess       systick.o
    0x0800457c   0x0800457c   0x0000005e   Code   RO         5714    i.TaskSchedule      systick.o
    0x080045da   0x080045da   0x00000014   Code   RO         6157    i.TenMsTask         taskmanage.o
    0x080045ee   0x080045ee   0x00000002   Code   RO         6158    i.ThousandMsTask    taskmanage.o
    0x080045f0   0x080045f0   0x00000018   Code   RO         6966    i.TickCountTask     UserTimer.lib(usertimer.o)
    0x08004608   0x08004608   0x0000001e   Code   RO         6967    i.TimerInit         UserTimer.lib(usertimer.o)
    0x08004626   0x08004626   0x0000000c   Code   RO         6968    i.TimerKill         UserTimer.lib(usertimer.o)
    0x08004632   0x08004632   0x0000002c   Code   RO         6969    i.TimerStsRead      UserTimer.lib(usertimer.o)
    0x0800465e   0x0800465e   0x00000002   PAD
    0x08004660   0x08004660   0x00000080   Code   RO         5888    i.USART1_IRQHandler  usart.o
    0x080046e0   0x080046e0   0x00000080   Code   RO         5889    i.USART2_IRQHandler  usart.o
    0x08004760   0x08004760   0x000002e4   Code   RO         6631    i.UpdateAdcData     getadc.o
    0x08004a44   0x08004a44   0x000000d0   Code   RO         5890    i.Usart1_init       usart.o
    0x08004b14   0x08004b14   0x00000064   Code   RO         5892    i.UsartSendData     usart.o
    0x08004b78   0x08004b78   0x00000024   Code   RO         5676    i.Wdt_Toggle        pinout.o
    0x08004b9c   0x08004b9c   0x00000014   Code   RO         5677    i.Wire_Check        pinout.o
    0x08004bb0   0x08004bb0   0x000000fa   Code   RO         6259    i.WriteMultCoilsResponse  modbusslave.o
    0x08004caa   0x08004caa   0x000000e6   Code   RO         6260    i.WriteMultRegsResponse  modbusslave.o
    0x08004d90   0x08004d90   0x0000008a   Code   RO         6261    i.WriteSigleRegResponse  modbusslave.o
    0x08004e1a   0x08004e1a   0x000000b4   Code   RO         6262    i.WriteSingleCoilResponse  modbusslave.o
    0x08004ece   0x08004ece   0x00000002   PAD
    0x08004ed0   0x08004ed0   0x00000098   Code   RO         6016    i.XL2543_Init       spi.o
    0x08004f68   0x08004f68   0x0000005e   Code   RO         2654    i.gpio_af_set       gd32f4xx_gpio.o
    0x08004fc6   0x08004fc6   0x00000004   Code   RO         2655    i.gpio_bit_reset    gd32f4xx_gpio.o
    0x08004fca   0x08004fca   0x00000004   Code   RO         2656    i.gpio_bit_set      gd32f4xx_gpio.o
    0x08004fce   0x08004fce   0x0000000a   Code   RO         2658    i.gpio_bit_write    gd32f4xx_gpio.o
    0x08004fd8   0x08004fd8   0x000000ce   Code   RO         2659    i.gpio_deinit       gd32f4xx_gpio.o
    0x080050a6   0x080050a6   0x00000010   Code   RO         2660    i.gpio_input_bit_get  gd32f4xx_gpio.o
    0x080050b6   0x080050b6   0x0000004e   Code   RO         2662    i.gpio_mode_set     gd32f4xx_gpio.o
    0x08005104   0x08005104   0x00000010   Code   RO         2663    i.gpio_output_bit_get  gd32f4xx_gpio.o
    0x08005114   0x08005114   0x00000042   Code   RO         2664    i.gpio_output_options_set  gd32f4xx_gpio.o
    0x08005156   0x08005156   0x00000002   PAD
    0x08005158   0x08005158   0x00000080   Code   RO         6931    i.main              main.o
    0x080051d8   0x080051d8   0x000000c4   Code   RO         3227    i.nvic_irq_enable   gd32f4xx_misc.o
    0x0800529c   0x0800529c   0x00000014   Code   RO         3228    i.nvic_priority_group_set  gd32f4xx_misc.o
    0x080052b0   0x080052b0   0x00000124   Code   RO         3432    i.rcu_clock_freq_get  gd32f4xx_rcu.o
    0x080053d4   0x080053d4   0x00000024   Code   RO         3451    i.rcu_periph_clock_enable  gd32f4xx_rcu.o
    0x080053f8   0x080053f8   0x00000024   Code   RO         3454    i.rcu_periph_reset_disable  gd32f4xx_rcu.o
    0x0800541c   0x0800541c   0x00000024   Code   RO         3455    i.rcu_periph_reset_enable  gd32f4xx_rcu.o
    0x08005440   0x08005440   0x00000024   Code   RO         3467    i.rcu_timer_clock_prescaler_config  gd32f4xx_rcu.o
    0x08005464   0x08005464   0x000000b8   Code   RO         6018    i.read2543          spi.o
    0x0800551c   0x0800551c   0x00000026   Code   RO         6159    i.readBoxTemp       taskmanage.o
    0x08005542   0x08005542   0x000000c8   Code   RO         6160    i.readFanTemp       taskmanage.o
    0x0800560a   0x0800560a   0x00000002   PAD
    0x0800560c   0x0800560c   0x00000108   Code   RO            5    i.system_clock_200m_25m_hxtal  system_gd32f4xx.o
    0x08005714   0x08005714   0x00000008   Code   RO            6    i.system_clock_config  system_gd32f4xx.o
    0x0800571c   0x0800571c   0x0000000a   Code   RO         4592    i.timer_auto_reload_shadow_enable  gd32f4xx_timer.o
    0x08005726   0x08005726   0x00000002   PAD
    0x08005728   0x08005728   0x000001ec   Code   RO         4609    i.timer_channel_output_config  gd32f4xx_timer.o
    0x08005914   0x08005914   0x0000005a   Code   RO         4611    i.timer_channel_output_mode_config  gd32f4xx_timer.o
    0x0800596e   0x0800596e   0x00000026   Code   RO         4613    i.timer_channel_output_pulse_value_config  gd32f4xx_timer.o
    0x08005994   0x08005994   0x0000005a   Code   RO         4614    i.timer_channel_output_shadow_config  gd32f4xx_timer.o
    0x080059ee   0x080059ee   0x00000002   PAD
    0x080059f0   0x080059f0   0x00000184   Code   RO         4623    i.timer_deinit      gd32f4xx_timer.o
    0x08005b74   0x08005b74   0x0000000a   Code   RO         4628    i.timer_enable      gd32f4xx_timer.o
    0x08005b7e   0x08005b7e   0x00000002   PAD
    0x08005b80   0x08005b80   0x00000098   Code   RO         4638    i.timer_init        gd32f4xx_timer.o
    0x08005c18   0x08005c18   0x00000018   Code   RO         4653    i.timer_primary_output_config  gd32f4xx_timer.o
    0x08005c30   0x08005c30   0x000000e8   Code   RO         5276    i.usart_baudrate_set  gd32f4xx_usart.o
    0x08005d18   0x08005d18   0x0000000a   Code   RO         5280    i.usart_data_receive  gd32f4xx_usart.o
    0x08005d22   0x08005d22   0x00000008   Code   RO         5281    i.usart_data_transmit  gd32f4xx_usart.o
    0x08005d2a   0x08005d2a   0x00000002   PAD
    0x08005d2c   0x08005d2c   0x000000dc   Code   RO         5282    i.usart_deinit      gd32f4xx_usart.o
    0x08005e08   0x08005e08   0x0000000a   Code   RO         5286    i.usart_enable      gd32f4xx_usart.o
    0x08005e12   0x08005e12   0x0000001e   Code   RO         5288    i.usart_flag_get    gd32f4xx_usart.o
    0x08005e30   0x08005e30   0x00000014   Code   RO         5293    i.usart_hardware_flow_cts_config  gd32f4xx_usart.o
    0x08005e44   0x08005e44   0x00000014   Code   RO         5294    i.usart_hardware_flow_rts_config  gd32f4xx_usart.o
    0x08005e58   0x08005e58   0x0000001a   Code   RO         5296    i.usart_interrupt_enable  gd32f4xx_usart.o
    0x08005e72   0x08005e72   0x0000001a   Code   RO         5297    i.usart_interrupt_flag_clear  gd32f4xx_usart.o
    0x08005e8c   0x08005e8c   0x00000038   Code   RO         5298    i.usart_interrupt_flag_get  gd32f4xx_usart.o
    0x08005ec4   0x08005ec4   0x00000010   Code   RO         5311    i.usart_parity_config  gd32f4xx_usart.o
    0x08005ed4   0x08005ed4   0x00000010   Code   RO         5313    i.usart_receive_config  gd32f4xx_usart.o
    0x08005ee4   0x08005ee4   0x00000010   Code   RO         5324    i.usart_stop_bit_set  gd32f4xx_usart.o
    0x08005ef4   0x08005ef4   0x00000010   Code   RO         5328    i.usart_transmit_config  gd32f4xx_usart.o
    0x08005f04   0x08005f04   0x00000010   Code   RO         5329    i.usart_word_length_set  gd32f4xx_usart.o
    0x08005f14   0x08005f14   0x0000005a   Code   RO         7066    x$fpl$dfixu         fz_wm.l(dfixu.o)
    0x08005f6e   0x08005f6e   0x0000002e   Code   RO         7071    x$fpl$dflt          fz_wm.l(dflt_clz.o)
    0x08005f9c   0x08005f9c   0x00000154   Code   RO         7076    x$fpl$dmul          fz_wm.l(dmul.o)
    0x080060f0   0x080060f0   0x0000009c   Code   RO         7081    x$fpl$dnaninf       fz_wm.l(dnaninf.o)
    0x0800618c   0x0800618c   0x0000000c   Code   RO         7083    x$fpl$dretinf       fz_wm.l(dretinf.o)
    0x08006198   0x08006198   0x0000000a   Code   RO         7186    x$fpl$fpinit        fz_wm.l(fpinit.o)
    0x080061a2   0x080061a2   0x00000000   Code   RO         7085    x$fpl$usenofp       fz_wm.l(usenofp.o)
    0x080061a2   0x080061a2   0x00000002   PAD
    0x080061a4   0x080061a4   0x00000060   Data   RO         5777    .constdata          tm1640.o
    0x08006204   0x08006204   0x00000014   Data   RO         6161    .constdata          taskmanage.o
    0x08006218   0x08006218   0x00000200   Data   RO         6263    .constdata          modbusslave.o
    0x08006418   0x08006418   0x00000016   Data   RO         6443    .constdata          dispparam.o
    0x0800642e   0x0800642e   0x00000002   PAD
    0x08006430   0x08006430   0x00000580   Data   RO         6633    .constdata          getadc.o
    0x080069b0   0x080069b0   0x00000020   Data   RO         7248    Region$$Table       anon$$obj.o


    Execution Region RW_IRAM1 (Exec base: 0x20000000, Load base: 0x080069d0, Size: 0x00003088, Max: 0x00070000, ABSOLUTE)

    Exec Addr    Load Addr    Size         Type   Attr      Idx    E Section Name        Object

    0x20000000   0x080069d0   0x0000001e   Data   RW         5715    .data               systick.o
    0x2000001e   0x080069ee   0x00000002   PAD
    0x20000020   0x080069f0   0x00000020   Data   RW         5894    .data               usart.o
    0x20000040   0x08006a10   0x00000008   Data   RW         6020    .data               spi.o
    0x20000048   0x08006a18   0x0000000c   Data   RW         6330    .data               datacomm.o
    0x20000054   0x08006a24   0x00000006   Data   RW         6563    .data               errorcontrol.o
    0x2000005a   0x08006a2a   0x00000002   PAD
    0x2000005c   0x08006a2c   0x00000008   Data   RW         6634    .data               getadc.o
    0x20000064   0x08006a34   0x00000060   Data   RW         6689    .data               outswitch.o
    0x200000c4   0x08006a94   0x00000008   Data   RW         6862    .data               ds18b20.o
    0x200000cc   0x08006a9c   0x00000004   PAD
    0x200000d0   0x08006aa0   0x00000008   Data   RW         6970    .data               UserTimer.lib(usertimer.o)
    0x200000d8        -       0x000003e8   Zero   RW         5893    .bss                usart.o
    0x200004c0        -       0x00001188   Zero   RW         6019    .bss                spi.o
    0x20001648        -       0x00000534   Zero   RW         6329    .bss                datacomm.o
    0x20001b7c        -       0x000000ec   Zero   RW         6442    .bss                dispparam.o
    0x20001c68        -       0x000000c0   Zero   RW         6562    .bss                errorcontrol.o
    0x20001d28        -       0x00000b00   Zero   RW         6632    .bss                getadc.o
    0x20002828        -       0x00000060   Zero   RW         7118    .bss                c_w.l(libspace.o)
    0x20002888        -       0x00000400   Zero   RW          159    HEAP                startup_gd32f450_470.o
    0x20002c88        -       0x00000400   Zero   RW          158    STACK               startup_gd32f450_470.o


==============================================================================

Image component sizes


      Code (inc. data)   RO Data    RW Data    ZI Data      Debug   Object Name

         0          0          0          0          0       3524   commindicator.o
       288         80          0         12       1332       9728   datacomm.o
      1924        104         22          0        236       9998   dispparam.o
      1366         74          0          8          0       6122   ds18b20.o
       132         28          0          6        192       3320   errorcontrol.o
       494         10          0          0          0       6046   gd32f4xx_gpio.o
       216         20          0          0          0       1404   gd32f4xx_misc.o
       436         44          0          0          0       4059   gd32f4xx_rcu.o
      1294         52          0          0          0       6567   gd32f4xx_timer.o
       738         18          0          0          0      10168   gd32f4xx_usart.o
      1376         62       1408          8       2816       3890   getadc.o
       128          4          0          0          0        559   main.o
      2452         10        512          0          0       9034   modbusslave.o
      5628        168          0         96          0       7169   outswitch.o
      1032         26          0          0          0       1642   pinout.o
       362          6          0          0          0       1227   pwm.o
      2856         72          0          8       4488       6422   spi.o
        64         26        428          0       2048        900   startup_gd32f450_470.o
       484         32          0          0          0      68017   system_gd32f4xx.o
       268         12          0         30          0       3480   systick.o
       388          8         20          0          0      10897   taskmanage.o
       718         62         96          0          0       9943   tm1640.o
       596         84          0         32       1000       4671   usart.o

    ----------------------------------------------------------------------
     23266       1002       2520        208      12112     188787   Object Totals
         0          0         32          0          0          0   (incl. Generated)
        26          0          2          8          0          0   (incl. Padding)

    ----------------------------------------------------------------------

      Code (inc. data)   RO Data    RW Data    ZI Data      Debug   Library Member Name

        60          0          0          0          0       2024   filter.o
       122         10          0          8          0       2872   usertimer.o
         8          0          0          0          0         68   __main.o
         0          0          0          0          0          0   __rtentry.o
        12          0          0          0          0          0   __rtentry2.o
         6          0          0          0          0          0   __rtentry4.o
        52          8          0          0          0          0   __scatter.o
        26          0          0          0          0          0   __scatter_copy.o
        28          0          0          0          0          0   __scatter_zi.o
        18          0          0          0          0         80   exit.o
         6          0          0          0          0        152   heapauxi.o
         0          0          0          0          0          0   indicate_semi.o
         2          0          0          0          0          0   libinit.o
         6          0          0          0          0          0   libinit2.o
         2          0          0          0          0          0   libshutdown.o
         2          0          0          0          0          0   libshutdown2.o
         8          4          0          0         96         68   libspace.o
        78          0          0          0          0         80   rt_memclr_w.o
       100          0          0          0          0         80   rt_memcpy_w.o
         2          0          0          0          0          0   rtexit.o
        10          0          0          0          0          0   rtexit2.o
        12          4          0          0          0         68   sys_exit.o
        74          0          0          0          0         80   sys_stackheap_outer.o
         2          0          0          0          0         68   use_no_semi.o
        90          4          0          0          0        140   dfixu.o
        46          0          0          0          0        116   dflt_clz.o
       340         12          0          0          0        152   dmul.o
       156          4          0          0          0        140   dnaninf.o
        12          0          0          0          0        116   dretinf.o
        10          0          0          0          0        116   fpinit.o
         0          0          0          0          0          0   usenofp.o

    ----------------------------------------------------------------------
      1302         46          0          8         96       6420   Library Totals
        12          0          0          0          0          0   (incl. Padding)

    ----------------------------------------------------------------------

      Code (inc. data)   RO Data    RW Data    ZI Data      Debug   Library Name

        60          0          0          0          0       2024   Filter.lib
       122         10          0          8          0       2872   UserTimer.lib
       454         16          0          0         96        744   c_w.l
       654         20          0          0          0        780   fz_wm.l

    ----------------------------------------------------------------------
      1302         46          0          8         96       6420   Library Totals

    ----------------------------------------------------------------------

==============================================================================


      Code (inc. data)   RO Data    RW Data    ZI Data      Debug   

     24568       1048       2520        216      12208     179447   Grand Totals
     24568       1048       2520        216      12208     179447   ELF Image Totals
     24568       1048       2520        216          0          0   ROM Totals

==============================================================================

    Total RO  Size (Code + RO Data)                27088 (  26.45kB)
    Total RW  Size (RW Data + ZI Data)             12424 (  12.13kB)
    Total ROM Size (Code + RO Data + RW Data)      27304 (  26.66kB)

==============================================================================

